{
  "Customers": [
    {
      "Id": {
        "IdGroupName": "~.DataDerivationViaGenerics.CustomerDp",
        "IdName": "~.DataDerivationViaGenerics.CustomerDpb.Id",
        "Value": "a7e9d526-0652-452d-aa93-3f284f449af6",
        "IdType": "CustomerId"
      },
      "UserName": "[~.DataDerivationViaGenerics.CustomerDpb].[Id]"
    },
    {
      "Id": {
        "IdGroupName": "~.DataDerivationViaGenerics.OtherCustomerDp",
        "IdName": "~.DataDerivationViaGenerics.CustomerDpb.Id",
        "Value": "29400ccf-0f43-462a-9af8-0bd87de0644a",
        "IdType": "CustomerId"
      },
      "UserName": "[~.DataDerivationViaGenerics.CustomerDpb].[Id]"
    }
  ],
  "Orders": [
    {
      "Id": {
        "IdGroupName": "~.DataDerivationViaGenerics.OrderDp<~.DataDerivationViaGenerics.CustomerDp>",
        "IdName": "Id",
        "Value": "fe999487-6a34-492f-9824-f7062d7c0ed6",
        "IdType": "OrderId"
      },
      "CustomerId": {
        "IdGroupName": "~.DataDerivationViaGenerics.CustomerDp",
        "IdName": "~.DataDerivationViaGenerics.CustomerDpb.Id",
        "Value": "a7e9d526-0652-452d-aa93-3f284f449af6",
        "IdType": "CustomerId"
      },
      "Status": "Fulfilled"
    },
    {
      "Id": {
        "IdGroupName": "~.DataDerivationViaGenerics.OrderDp<~.DataDerivationViaGenerics.OtherCustomerDp>",
        "IdName": "Id",
        "Value": "6c530a81-da32-4723-8ef6-fc9bbbe135a9",
        "IdType": "OrderId"
      },
      "CustomerId": {
        "IdGroupName": "~.DataDerivationViaGenerics.OtherCustomerDp",
        "IdName": "~.DataDerivationViaGenerics.CustomerDpb.Id",
        "Value": "29400ccf-0f43-462a-9af8-0bd87de0644a",
        "IdType": "CustomerId"
      },
      "Status": "Fulfilled"
    }
  ]
}
