{
  "Customers": [
    {
      "Id": {
        "IdGroupName": "~.DataDerivationViaGenerics.CustomerDp:~.DataDerivationViaGenerics.CustomerDpb",
        "IdName": "Id",
        "Value": "d10e96ba-fbc6-4549-b3a2-138f9e3b356f",
        "IdType": "CustomerId"
      },
      "UserName": "[~.DataDerivationViaGenerics.CustomerDpb].[Id]"
    },
    {
      "Id": {
        "IdGroupName": "~.DataDerivationViaGenerics.OtherCustomerDp:~.DataDerivationViaGenerics.CustomerDpb",
        "IdName": "Id",
        "Value": "f2623b9d-1962-44b3-8fc5-ca22efc1066e",
        "IdType": "CustomerId"
      },
      "UserName": "[~.DataDerivationViaGenerics.CustomerDpb].[Id]"
    }
  ],
  "Orders": [
    {
      "Id": {
        "IdGroupName": "~.DataDerivationViaGenerics.OrderDp<~.DataDerivationViaGenerics.CustomerDp>",
        "IdName": "Id",
        "Value": "b6cc5bfa-f44f-4e35-8723-50f3efe2ecac",
        "IdType": "OrderId"
      },
      "CustomerId": {
        "IdGroupName": "~.DataDerivationViaGenerics.CustomerDp:~.DataDerivationViaGenerics.CustomerDpb",
        "IdName": "Id",
        "Value": "d10e96ba-fbc6-4549-b3a2-138f9e3b356f",
        "IdType": "CustomerId"
      },
      "Status": "Fulfilled"
    },
    {
      "Id": {
        "IdGroupName": "~.DataDerivationViaGenerics.OrderDp<~.DataDerivationViaGenerics.OtherCustomerDp>",
        "IdName": "Id",
        "Value": "da18c207-4c98-46f7-a47d-37fccadfbe18",
        "IdType": "OrderId"
      },
      "CustomerId": {
        "IdGroupName": "~.DataDerivationViaGenerics.OtherCustomerDp:~.DataDerivationViaGenerics.CustomerDpb",
        "IdName": "Id",
        "Value": "f2623b9d-1962-44b3-8fc5-ca22efc1066e",
        "IdType": "CustomerId"
      },
      "Status": "Fulfilled"
    }
  ]
}
