{
  "Customers": [
    {
      "Id": {
        "IdGroupName": "~.DataDerivationViaGenerics.CustomerDp",
        "IdName": "~.DataDerivationViaGenerics.CustomerDpb.Id",
        "Value": null,
        "IdType": "CustomerId"
      },
      "UserName": "[~.DataDerivationViaGenerics.CustomerDpb].[Id]"
    },
    {
      "Id": {
        "IdGroupName": "~.DataDerivationViaGenerics.OtherCustomerDp",
        "IdName": "~.DataDerivationViaGenerics.CustomerDpb.Id",
        "Value": null,
        "IdType": "CustomerId"
      },
      "UserName": "[~.DataDerivationViaGenerics.CustomerDpb].[Id]"
    }
  ],
  "Orders": [
    {
      "Id": {
        "IdGroupName": "~.DataDerivationViaGenerics.OrderDp<~.DataDerivationViaGenerics.CustomerDp>",
        "IdName": "Id",
        "Value": null,
        "IdType": "OrderId"
      },
      "CustomerId": {
        "IdGroupName": "~.DataDerivationViaGenerics.CustomerDp",
        "IdName": "~.DataDerivationViaGenerics.CustomerDpb.Id",
        "Value": null,
        "IdType": "CustomerId"
      },
      "Status": "Fulfilled"
    },
    {
      "Id": {
        "IdGroupName": "~.DataDerivationViaGenerics.OrderDp<~.DataDerivationViaGenerics.OtherCustomerDp>",
        "IdName": "Id",
        "Value": null,
        "IdType": "OrderId"
      },
      "CustomerId": {
        "IdGroupName": "~.DataDerivationViaGenerics.OtherCustomerDp",
        "IdName": "~.DataDerivationViaGenerics.CustomerDpb.Id",
        "Value": null,
        "IdType": "CustomerId"
      },
      "Status": "Fulfilled"
    }
  ]
}
