{
  "Description": "0 types and 4 assemblies",
  "Types": {},
  "Children": [
    {
      "Description": "Assembly System.Runtime, Version=8.0.0.0, Culture=neutral, PublicKeyToken=b03f5f7f11d50a3a with 0 types",
      "Types": {},
      "Children": []
    },
    {
      "Description": "Assembly System.Runtime.Loader, Version=8.0.0.0, Culture=neutral, PublicKeyToken=b03f5f7f11d50a3a with 0 types",
      "Types": {},
      "Children": []
    },
    {
      "Description": "Assembly JetBrains.ReSharper.TestRunner.Merged, Version=2.16.1.109, Culture=neutral, PublicKeyToken=5c492ec4f3eccde3 with 1695 types",
      "Types": {
        "-": [
          "<>f__AnonymousType0<<wt>j__TPar, <match>j__TPar>",
          "<>f__AnonymousType1<<ReceiverType>j__TPar, <Call>j__TPar>",
          "<>f__AnonymousType10<<Value>j__TPar, <Count>j__TPar>",
          "<>f__AnonymousType11<<Tag>j__TPar, <Text>j__TPar>",
          "<>f__AnonymousType12<<type>j__TPar, <attrs>j__TPar>",
          "<>f__AnonymousType13<<Tag>j__TPar, <StopsProcessing>j__TPar>",
          "<>f__AnonymousType14<<Tag>j__TPar, <StopsProcessing>j__TPar, <Token>j__TPar>",
          "<>f__AnonymousType15<<Tag>j__TPar, <StopsProcessing>j__TPar, <NameInfo>j__TPar>",
          "<>f__AnonymousType16<<Tag>j__TPar, <Value>j__TPar>",
          "<>f__AnonymousType17<<Tag>j__TPar, <Errors>j__TPar>",
          "<>f__AnonymousType18<<HelpText>j__TPar, <FormatStyles>j__TPar, <Sample>j__TPar>",
          "<>f__AnonymousType19<<SetName>j__TPar, <Errors>j__TPar>",
          "<>f__AnonymousType2<<SwitchName>j__TPar, <InitialSwitchLevel>j__TPar>",
          "<>f__AnonymousType20<<Specification>j__TPar, <Value>j__TPar, <PropertyValue>j__TPar>",
          "<>f__AnonymousType21<<info>j__TPar, <o>j__TPar>",
          "<>f__AnonymousType22<<info>j__TPar, <v>j__TPar>",
          "<>f__AnonymousType3<<p>j__TPar, <directive>j__TPar>",
          "<>f__AnonymousType4<<Option>j__TPar, <Value>j__TPar, <DefaultValue>j__TPar>",
          "<>f__AnonymousType5<<s>j__TPar, <o>j__TPar>",
          "<>f__AnonymousType6<<t>j__TPar, <to>j__TPar>",
          "<>f__AnonymousType7<<<>h__TransparentIdentifier0>j__TPar, <o>j__TPar>",
          "<>f__AnonymousType8<<ShortName>j__TPar, <LongName>j__TPar>",
          "<>f__AnonymousType9<<g>j__TPar, <count>j__TPar>",
          "<1175aea2-54d8-4094-8011-47f55e0497d1><>f__AnonymousType0<<prms>j__TPar, <spv>j__TPar>",
          "<5f00c736-4d1a-4b77-85fd-0ec3f647f35b><>f__AnonymousType1<<Registration>j__TPar, <Service>j__TPar>",
          "<643849f3-fee8-4872-97fc-67c2bc400761><>f__AnonymousType3<<IsContravariant>j__TPar, <Index>j__TPar>",
          "<870b6e0b-b2dc-4edc-a8c2-3a2f5c74014b><>f__AnonymousType2<<attr>j__TPar, <vattr>j__TPar>",
          "<a1bb6e8c-2800-4bff-8ece-5e5b510cff54><>f__AnonymousType0<<Binding>j__TPar, <ConstructorParameterLength>j__TPar>",
          "<a321eb17-b52e-4903-9829-6e6d7058c3aa><>f__AnonymousType2<<ServiceWithType>j__TPar, <GenericService>j__TPar>",
          "<e7378188-e0c1-4034-8435-459076905ff9><>f__AnonymousType1<<pi>j__TPar, <attrs>j__TPar>",
          "<f677ff00-882d-4b0b-bedc-c0acf0c558a4><>f__AnonymousType3<<sp>j__TPar, <o>j__TPar>",
          "<PrivateImplementationDetails>",
          "<PrivateImplementationDetails>.__StaticArrayInitTypeSize=12",
          "<PrivateImplementationDetails>.__StaticArrayInitTypeSize=32",
          "<PrivateImplementationDetails>.__StaticArrayInitTypeSize=64"
        ],
        "Autofac": [
          "ContainerBuilder",
          "ContainerBuilderResources",
          "IComponentContext",
          "IContainer",
          "ILifetimeScope",
          "IStartable",
          "Module",
          "ModuleRegistrationExtensions",
          "ModuleRegistrationExtensions.<>c__DisplayClass5_0",
          "ModuleResources",
          "NamedParameter",
          "NamedParameter.<>c__DisplayClass3_0",
          "ParameterExtensions",
          "ParameterExtensions.<>c__2<T>",
          "ParameterExtensions.<>c__3<TParameter, TValue>",
          "ParameterExtensions.<>c__DisplayClass0_0<T>",
          "ParameterExtensions.<>c__DisplayClass1_0<T>",
          "PositionalParameter",
          "PositionalParameter.<>c__DisplayClass4_0",
          "PropertyWiringOptions",
          "RegistrationExtensions",
          "RegistrationExtensions.<>c",
          "RegistrationExtensions.<>c__16<TLimit, TScanningActivatorData, TRegistrationStyle>",
          "RegistrationExtensions.<>c__17<TLimit>",
          "RegistrationExtensions.<>c__21<TAttribute>",
          "RegistrationExtensions.<>c__27<TLimit>",
          "RegistrationExtensions.<>c__37<TLimit, TReflectionActivatorData, TStyle>",
          "RegistrationExtensions.<>c__53<T>",
          "RegistrationExtensions.<>c__66<TService>",
          "RegistrationExtensions.<>c__DisplayClass0_0",
          "RegistrationExtensions.<>c__DisplayClass1_0",
          "RegistrationExtensions.<>c__DisplayClass14_0<TLimit, TScanningActivatorData, TRegistrationStyle>",
          "RegistrationExtensions.<>c__DisplayClass15_0<TLimit, TScanningActivatorData, TRegistrationStyle>",
          "RegistrationExtensions.<>c__DisplayClass16_0<TLimit, TScanningActivatorData, TRegistrationStyle>",
          "RegistrationExtensions.<>c__DisplayClass2_0<T>",
          "RegistrationExtensions.<>c__DisplayClass20_0<TLimit, TScanningActivatorData, TRegistrationStyle>",
          "RegistrationExtensions.<>c__DisplayClass21_0<TAttribute>",
          "RegistrationExtensions.<>c__DisplayClass21_1<TAttribute>",
          "RegistrationExtensions.<>c__DisplayClass22_0<TLimit, TScanningActivatorData, TRegistrationStyle>",
          "RegistrationExtensions.<>c__DisplayClass24_0<TLimit, TScanningActivatorData, TRegistrationStyle>",
          "RegistrationExtensions.<>c__DisplayClass26_0<TLimit, TScanningActivatorData, TRegistrationStyle>",
          "RegistrationExtensions.<>c__DisplayClass3_0<TImplementer>",
          "RegistrationExtensions.<>c__DisplayClass4_0",
          "RegistrationExtensions.<>c__DisplayClass46_0<TLimit, TActivatorData, TSingleRegistrationStyle>",
          "RegistrationExtensions.<>c__DisplayClass47_0<TLimit, TRegistrationStyle>",
          "RegistrationExtensions.<>c__DisplayClass5_0<T>",
          "RegistrationExtensions.<>c__DisplayClass54_0<T>",
          "RegistrationExtensions.<>c__DisplayClass56_0<TLimit, TScanningActivatorData, TRegistrationStyle>",
          "RegistrationExtensions.<>c__DisplayClass58_0<TFrom, TTo>",
          "RegistrationExtensions.<>c__DisplayClass59_0<TFrom, TTo>",
          "RegistrationExtensions.<>c__DisplayClass6_0<T>",
          "RegistrationExtensions.<>c__DisplayClass62_0<TService>",
          "RegistrationExtensions.<>c__DisplayClass63_0<TService>",
          "RegistrationExtensions.<>c__DisplayClass66_0<TService>",
          "RegistrationExtensions.<>c__DisplayClass68_0<TLimit, TActivatorData, TRegistrationStyle>",
          "RegistrationExtensions.<>c__DisplayClass68_1<TLimit, TActivatorData, TRegistrationStyle>",
          "RegistrationExtensions.<>c__DisplayClass71_0<TLimit, TActivatorData, TStyle>",
          "RegistrationExtensions.<>c__DisplayClass72_0<TLimit, TActivatorData, TStyle>",
          "RegistrationExtensionsResources",
          "ResolutionExtensions",
          "ScanningFilterExtensions",
          "ScanningFilterExtensions.<>c__0<TLimit, TScanningActivatorData, TRegistrationStyle>",
          "SourceRegistrationExtensions",
          "TypedParameter",
          "TypedParameter.<>c__DisplayClass4_0",
          "TypeExtensions",
          "TypeExtensions.<>c",
          "TypeExtensions.<>c__DisplayClass4_0",
          "TypeExtensionsResources"
        ],
        "Autofac.Builder": [
          "ConcreteReflectionActivatorData",
          "ContainerBuildOptions",
          "DeferredCallback",
          "DynamicRegistrationStyle",
          "IConcreteActivatorData",
          "IHideObjectMembers",
          "IRegistrationBuilder<TLimit, TActivatorData, TRegistrationStyle>",
          "MetadataConfiguration<TMetadata>",
          "MetadataKeys",
          "ReflectionActivatorData",
          "RegistrationBuilder",
          "RegistrationBuilder.<>c__DisplayClass0_0<T>",
          "RegistrationBuilder<TLimit, TActivatorData, TRegistrationStyle>",
          "RegistrationBuilder<TLimit, TActivatorData, TRegistrationStyle>.<>c__DisplayClass31_0<>",
          "RegistrationBuilder<TLimit, TActivatorData, TRegistrationStyle>.<>c__DisplayClass32_0<>",
          "RegistrationBuilder<TLimit, TActivatorData, TRegistrationStyle>.<>c__DisplayClass33_0<>",
          "RegistrationBuilder<TLimit, TActivatorData, TRegistrationStyle>.<>c__DisplayClass34_0<>",
          "RegistrationBuilderResources",
          "RegistrationData",
          "RegistrationData.<>c",
          "RegistrationExtensions",
          "RegistrationOrderExtensions",
          "SimpleActivatorData",
          "SingleRegistrationStyle",
          "StartableManager",
          "StartableManager.<>c"
        ],
        "Autofac.Core": [
          "ActivatedEventArgs<T>",
          "ActivatingEventArgs<T>",
          "AutoActivateService",
          "ComponentRegisteredEventArgs",
          "ComponentRegistrationExtensions",
          "ConstantParameter",
          "Container",
          "Container.<>c",
          "ContainerResources",
          "DefaultPropertySelector",
          "DelegatePropertySelector",
          "DependencyResolutionException",
          "Disposer",
          "IActivatedEventArgs<T>",
          "IActivatingEventArgs<T>",
          "IComponentLifetime",
          "IComponentRegistration",
          "IComponentRegistry",
          "IDisposer",
          "IInstanceActivator",
          "IModule",
          "InstanceOwnership",
          "InstanceSharing",
          "IPropertySelector",
          "IRegistrationSource",
          "IServiceWithType",
          "ISharingLifetimeScope",
          "KeyedService",
          "NamedPropertyParameter",
          "NamedPropertyParameter.<>c__DisplayClass4_0",
          "Parameter",
          "PreparingEventArgs",
          "RegistrationSourceAddedEventArgs",
          "ResolvedParameter",
          "ResolvedParameter.<>c__DisplayClass3_0",
          "ResolvedParameter.<>c__DisplayClass5_0<TService>",
          "Service",
          "ServiceResources",
          "TypedService",
          "UniqueService"
        ],
        "Autofac.Core.Activators": [
          "InstanceActivator",
          "InstanceActivatorResources"
        ],
        "Autofac.Core.Activators.Delegate": [
          "DelegateActivator",
          "DelegateActivatorResources"
        ],
        "Autofac.Core.Activators.ProvidedInstance": [
          "ProvidedInstanceActivator",
          "ProvidedInstanceActivatorResources"
        ],
        "Autofac.Core.Activators.Reflection": [
          "AutowiringParameter",
          "AutowiringParameter.<>c__DisplayClass0_0",
          "AutowiringPropertyInjector",
          "AutowiringPropertyInjector.<>c",
          "AutowiringPropertyInjector.<>c__DisplayClass4_0",
          "AutowiringPropertyInjector.<>c__DisplayClass4_1",
          "AutowiringPropertyInjector.<GetInjectableProperties>d__5",
          "ConstructorParameterBinding",
          "ConstructorParameterBindingResources",
          "DefaultConstructorFinder",
          "DefaultConstructorFinder.<>c",
          "DefaultValueParameter",
          "DefaultValueParameter.<>c__DisplayClass0_0",
          "IConstructorFinder",
          "IConstructorSelector",
          "MatchingSignatureConstructorSelector",
          "MatchingSignatureConstructorSelector.<>c",
          "MatchingSignatureConstructorSelectorResources",
          "MostParametersConstructorSelector",
          "MostParametersConstructorSelector.<>c",
          "MostParametersConstructorSelector.<>c__DisplayClass0_0",
          "MostParametersConstructorSelectorResources",
          "NoConstructorsFoundException",
          "NoConstructorsFoundExceptionResources",
          "ReflectionActivator",
          "ReflectionActivator.<>c",
          "ReflectionActivatorResources"
        ],
        "Autofac.Core.Diagnostics": [
          "IContainerAwareComponent"
        ],
        "Autofac.Core.Lifetime": [
          "CurrentScopeLifetime",
          "LifetimeScope",
          "LifetimeScope.<>c",
          "LifetimeScope.<>c__DisplayClass13_0",
          "LifetimeScopeBeginningEventArgs",
          "LifetimeScopeEndingEventArgs",
          "LifetimeScopeResources",
          "MatchingScopeLifetime",
          "MatchingScopeLifetimeResources",
          "MatchingScopeLifetimeTags",
          "RootScopeLifetime"
        ],
        "Autofac.Core.Registration": [
          "AdaptationSandbox",
          "AdaptationSandbox.<>c__DisplayClass7_0",
          "ComponentNotRegisteredException",
          "ComponentNotRegisteredExceptionResources",
          "ComponentRegistration",
          "ComponentRegistration.<>c",
          "ComponentRegistrationExtensions",
          "ComponentRegistrationLifetimeDecorator",
          "ComponentRegistrationResources",
          "ComponentRegistry",
          "ComponentRegistry.<>c",
          "ComponentRegistry.<>c__DisplayClass32_0",
          "CopyOnWriteRegistry",
          "ExternalRegistrySource",
          "ExternalRegistrySource.<>c",
          "ExternalRegistrySource.<>c__DisplayClass2_0",
          "ExternalRegistrySource.<>c__DisplayClass2_1",
          "ExternalRegistrySource.ExternalComponentRegistration",
          "IModuleRegistrar",
          "ISourceRegistrar",
          "ModuleRegistrar",
          "ScopeRestrictedRegistry",
          "ServiceRegistrationInfo",
          "ServiceRegistrationInfo.<>c__DisplayClass26_0",
          "ServiceRegistrationInfoResources",
          "SourceRegistrar",
          "SourceRegistrar.<>c__DisplayClass2_0"
        ],
        "Autofac.Core.Resolving": [
          "ActivatorExtensions",
          "CircularDependencyDetector",
          "CircularDependencyDetector.<>c",
          "CircularDependencyDetectorResources",
          "ComponentActivationResources",
          "IInstanceLookup",
          "InstanceLookup",
          "InstanceLookup.<>c",
          "InstanceLookup.<>c__DisplayClass6_0",
          "InstanceLookupBeginningEventArgs",
          "InstanceLookupCompletionBeginningEventArgs",
          "InstanceLookupCompletionEndingEventArgs",
          "InstanceLookupEndingEventArgs",
          "IResolveOperation",
          "ResolveOperation",
          "ResolveOperationBeginningEventArgs",
          "ResolveOperationEndingEventArgs",
          "ResolveOperationResources"
        ],
        "Autofac.Features.AttributeFilters": [
          "KeyFilterAttribute",
          "MetadataFilterAttribute",
          "MetadataFilterAttribute.<>c__12<T>",
          "MetadataFilterAttribute.<>c__13<T>",
          "MetadataFilterAttribute.<>c__DisplayClass12_0<T>",
          "MetadataFilterAttribute.<>c__DisplayClass13_0<T>",
          "ParameterFilterAttribute",
          "RegistrationExtensions",
          "RegistrationExtensions.<>c__0<TLimit, TReflectionActivatorData, TRegistrationStyle>"
        ],
        "Autofac.Features.Collections": [
          "CollectionRegistrationSource",
          "CollectionRegistrationSource.<>c",
          "CollectionRegistrationSource.<>c__DisplayClass0_0",
          "CollectionRegistrationSource.<>c__DisplayClass0_1",
          "CollectionRegistrationSourceResources"
        ],
        "Autofac.Features.Decorators": [
          "DecoratorContext",
          "DecoratorService",
          "DecoratorService.<>c",
          "IDecoratorContext",
          "InstanceDecorator",
          "InstanceDecorator.<>c"
        ],
        "Autofac.Features.GeneratedFactories": [
          "FactoryGenerator",
          "FactoryGenerator.<>c",
          "FactoryGenerator.<>c__DisplayClass1_0",
          "FactoryGenerator.<>c__DisplayClass2_0",
          "GeneratedFactoryActivatorData",
          "GeneratedFactoryActivatorData.<>c__DisplayClass8_0",
          "GeneratedFactoryRegistrationExtensions",
          "GeneratedFactoryRegistrationExtensions.<>c__DisplayClass0_0<TLimit>",
          "GeneratedFactoryRegistrationSource",
          "GeneratedFactoryRegistrationSource.<>c__DisplayClass0_0",
          "GeneratedFactoryRegistrationSourceResources",
          "ParameterMapping"
        ],
        "Autofac.Features.Indexed": [
          "IIndex<TKey, TValue>",
          "KeyedServiceIndex<TKey, TValue>"
        ],
        "Autofac.Features.LazyDependencies": [
          "LazyRegistrationSource",
          "LazyRegistrationSource.<>c__DisplayClass1_0",
          "LazyRegistrationSource.<>c__DisplayClass5_0<T>",
          "LazyRegistrationSource.<>c__DisplayClass5_1<T>",
          "LazyRegistrationSourceResources",
          "LazyWithMetadataRegistrationSource",
          "LazyWithMetadataRegistrationSource.<>c__DisplayClass2_0",
          "LazyWithMetadataRegistrationSource.<>c__DisplayClass6_0<T, TMeta>",
          "LazyWithMetadataRegistrationSource.<>c__DisplayClass6_1<T, TMeta>",
          "LazyWithMetadataRegistrationSource.RegistrationCreator",
          "LazyWithMetadataRegistrationSourceResources"
        ],
        "Autofac.Features.LightweightAdapters": [
          "LightweightAdapterActivatorData",
          "LightweightAdapterRegistrationExtensions",
          "LightweightAdapterRegistrationExtensions.<>c__DisplayClass3_0<TFrom, TTo>",
          "LightweightAdapterRegistrationSource",
          "LightweightAdapterRegistrationSource.<>c",
          "LightweightAdapterRegistrationSource.<>c__DisplayClass3_0",
          "LightweightAdapterRegistrationSource.<>c__DisplayClass3_1",
          "LightweightAdapterRegistrationSource.<>c__DisplayClass3_2",
          "LightweightAdapterRegistrationSourceResources"
        ],
        "Autofac.Features.Metadata": [
          "Meta<T, TMetadata>",
          "Meta<T>",
          "MetadataViewProvider",
          "MetadataViewProvider.<>c__1<TMetadata>",
          "MetadataViewProviderResources",
          "MetaRegistrationSource",
          "MetaRegistrationSource.<>c__DisplayClass1_0",
          "MetaRegistrationSource.<>c__DisplayClass5_0<T>",
          "MetaRegistrationSourceResources",
          "StronglyTypedMetaRegistrationSource",
          "StronglyTypedMetaRegistrationSource.<>c__DisplayClass2_0",
          "StronglyTypedMetaRegistrationSource.<>c__DisplayClass6_0<T, TMetadata>",
          "StronglyTypedMetaRegistrationSource.RegistrationCreator"
        ],
        "Autofac.Features.OpenGenerics": [
          "OpenGenericDecoratorActivatorData",
          "OpenGenericDecoratorActivatorDataResources",
          "OpenGenericDecoratorRegistrationSource",
          "OpenGenericDecoratorRegistrationSource.<>c",
          "OpenGenericDecoratorRegistrationSource.<>c__DisplayClass3_0",
          "OpenGenericDecoratorRegistrationSource.<>c__DisplayClass3_1",
          "OpenGenericDecoratorRegistrationSource.<>c__DisplayClass4_0",
          "OpenGenericDecoratorRegistrationSourceResources",
          "OpenGenericRegistrationExtensions",
          "OpenGenericRegistrationExtensions.<>c__DisplayClass0_0",
          "OpenGenericRegistrationExtensions.<>c__DisplayClass1_0",
          "OpenGenericRegistrationExtensionsResources",
          "OpenGenericRegistrationSource",
          "OpenGenericRegistrationSource.<>c",
          "OpenGenericRegistrationSource.<RegistrationsFor>d__3",
          "OpenGenericRegistrationSourceResources",
          "OpenGenericServiceBinder",
          "OpenGenericServiceBinder.<>c",
          "OpenGenericServiceBinder.<>c__DisplayClass0_0",
          "OpenGenericServiceBinder.<>c__DisplayClass0_1",
          "OpenGenericServiceBinder.<>c__DisplayClass1_0",
          "OpenGenericServiceBinder.<>c__DisplayClass2_0",
          "OpenGenericServiceBinder.<>c__DisplayClass3_0",
          "OpenGenericServiceBinder.<>c__DisplayClass4_0",
          "OpenGenericServiceBinderResources"
        ],
        "Autofac.Features.OwnedInstances": [
          "Owned<T>",
          "OwnedInstanceRegistrationSource",
          "OwnedInstanceRegistrationSource.<>c__DisplayClass0_0",
          "OwnedInstanceRegistrationSource.<>c__DisplayClass0_1",
          "OwnedInstanceRegistrationSourceResources"
        ],
        "Autofac.Features.ResolveAnything": [
          "AnyConcreteTypeNotAlreadyRegisteredSource",
          "AnyConcreteTypeNotAlreadyRegisteredSource.<>c",
          "AnyConcreteTypeNotAlreadyRegisteredSourceExtensions",
          "AnyConcreteTypeNotAlreadyRegisteredSourceResources"
        ],
        "Autofac.Features.Scanning": [
          "ScanningActivatorData",
          "ScanningRegistrationExtensions",
          "ScanningRegistrationExtensions.<>c",
          "ScanningRegistrationExtensions.<>c__4<TLimit, TScanningActivatorData, TRegistrationStyle>",
          "ScanningRegistrationExtensions.<>c__9<TLimit, TScanningActivatorData, TRegistrationStyle>",
          "ScanningRegistrationExtensions.<>c__DisplayClass0_0",
          "ScanningRegistrationExtensions.<>c__DisplayClass1_0",
          "ScanningRegistrationExtensions.<>c__DisplayClass3_0",
          "ScanningRegistrationExtensions.<>c__DisplayClass3_1",
          "ScanningRegistrationExtensions.<>c__DisplayClass3_2",
          "ScanningRegistrationExtensions.<>c__DisplayClass4_0<TLimit, TScanningActivatorData, TRegistrationStyle>",
          "ScanningRegistrationExtensions.<>c__DisplayClass5_0<TLimit, TScanningActivatorData, TRegistrationStyle>",
          "ScanningRegistrationExtensions.<>c__DisplayClass6_0<TLimit, TScanningActivatorData, TRegistrationStyle>",
          "ScanningRegistrationExtensions.<>c__DisplayClass6_1<TLimit, TScanningActivatorData, TRegistrationStyle>",
          "ScanningRegistrationExtensions.<>c__DisplayClass7_0<TLimit, TScanningActivatorData, TRegistrationStyle>",
          "ScanningRegistrationExtensions.<>c__DisplayClass8_0<TLimit, TScanningActivatorData, TRegistrationStyle>",
          "ScanningRegistrationExtensions.<>c__DisplayClass8_1<TLimit, TScanningActivatorData, TRegistrationStyle>"
        ],
        "Autofac.Features.Variance": [
          "ContravariantRegistrationSource",
          "ContravariantRegistrationSource.<>c",
          "ContravariantRegistrationSource.<>c__DisplayClass1_0",
          "ContravariantRegistrationSource.<>c__DisplayClass1_1",
          "ContravariantRegistrationSource.<GetBagOfTypesAssignableFrom>d__4"
        ],
        "Autofac.Util": [
          "AssemblyExtensions",
          "AssemblyExtensions.<>c",
          "Disposable",
          "Enforce",
          "Enforce.<>c__0<T>",
          "EnforceResources",
          "FallbackDictionary<TKey, TValue>",
          "FallbackDictionary<TKey, TValue>.<>c<>",
          "FallbackDictionary<TKey, TValue>.<GetEnumerator>d__24<>",
          "FallbackDictionaryResources",
          "ReflectionExtensions",
          "ReflectionExtensionsResources",
          "ReleaseAction<TLimit>",
          "SequenceExtensions",
          "SequenceExtensions.<AppendItem>d__1<T>",
          "SequenceExtensions.<Prepend>d__2<T>",
          "SequenceGenerator",
          "Traverse",
          "Traverse.<Across>d__0<T>",
          "TypeExtensions",
          "TypeExtensions.<>c",
          "TypeExtensions.<>c__DisplayClass10_0",
          "TypeExtensions.<>c__DisplayClass13_0",
          "TypeExtensions.<>c__DisplayClass15_0",
          "TypeExtensions.<>c__DisplayClass6_0",
          "TypeExtensions.<>c__DisplayClass7_0",
          "TypeExtensions.<>c__DisplayClass7_1",
          "ValidatedNotNullAttribute"
        ],
        "CommandLine": [
          "BadFormatConversionError",
          "BadFormatTokenError",
          "BadVerbSelectedError",
          "BaseAttribute",
          "CastExtensions",
          "CastExtensions.<>c__DisplayClass12_0<T>",
          "CastExtensions.<>c__DisplayClass9_0<T>",
          "Error",
          "ErrorExtensions",
          "ErrorExtensions.<>c",
          "ErrorType",
          "GroupOptionAmbiguityError",
          "HelpRequestedError",
          "HelpTextExtensions",
          "HelpTextExtensions.<>c",
          "HelpVerbRequestedError",
          "InvalidAttributeConfigurationError",
          "MissingGroupOptionError",
          "MissingRequiredOptionError",
          "MissingValueOptionError",
          "MultipleDefaultVerbsError",
          "MutuallyExclusiveSetError",
          "NamedError",
          "NameInfo",
          "NotParsed<T>",
          "NoVerbSelectedError",
          "NullInstance",
          "OptionAttribute",
          "Parsed<T>",
          "Parser",
          "Parser.<>c",
          "Parser.<>c__DisplayClass17_0<T>",
          "ParserExtensions",
          "ParserResult<T>",
          "ParserResultExtensions",
          "ParserResultExtensions.<WithNotParsedAsync>d__22<T>",
          "ParserResultExtensions.<WithParsedAsync>d__20<T>",
          "ParserResultExtensions.<WithParsedAsync>d__21<T>",
          "ParserResultType",
          "ParserSettings",
          "ParserSettings.<>c",
          "RepeatedOptionError",
          "SequenceOutOfRangeError",
          "SetValueExceptionError",
          "TokenError",
          "TypeInfo",
          "UnknownOptionError",
          "UnParserExtensions",
          "UnParserExtensions.<>c",
          "UnParserExtensions.<>c__0<T>",
          "UnParserExtensions.<>c__1<T>",
          "UnParserExtensions.<>c__2<T>",
          "UnParserExtensions.<>c__DisplayClass11_0",
          "UnParserExtensions.<>c__DisplayClass2_0<T>",
          "UnParserExtensions.<>c__DisplayClass4_0",
          "UnParserExtensions.<>c__DisplayClass5_0",
          "UnParserSettings",
          "ValueAttribute",
          "VerbAttribute",
          "VersionRequestedError"
        ],
        "CommandLine.Core": [
          "ArgumentsExtensions",
          "ArgumentsExtensions.<>c__DisplayClass0_0",
          "GetoptTokenizer",
          "GetoptTokenizer.<>c",
          "GetoptTokenizer.<>c__DisplayClass1_0",
          "GetoptTokenizer.<>c__DisplayClass3_0",
          "GetoptTokenizer.<>c__DisplayClass3_1",
          "GetoptTokenizer.<TokenizeLongName>d__5",
          "GetoptTokenizer.<TokenizeShortName>d__4",
          "InstanceBuilder",
          "InstanceBuilder.<>c__1<T>",
          "InstanceBuilder.<>c__2<T>",
          "InstanceBuilder.<>c__3<T>",
          "InstanceBuilder.<>c__DisplayClass1_0<T>",
          "InstanceBuilder.<>c__DisplayClass1_1<T>",
          "InstanceBuilder.<>c__DisplayClass3_0<T>",
          "InstanceBuilder.<>c__DisplayClass3_1<T>",
          "InstanceChooser",
          "InstanceChooser.<>c",
          "InstanceChooser.<>c__DisplayClass1_0",
          "InstanceChooser.<>c__DisplayClass1_1",
          "InstanceChooser.<>c__DisplayClass2_0",
          "InstanceChooser.<>c__DisplayClass3_0",
          "InstanceChooser.<>c__DisplayClass4_0",
          "KeyValuePairHelper",
          "KeyValuePairHelper.<>c",
          "KeyValuePairHelper.<>c__DisplayClass2_0",
          "KeyValuePairHelper.<>c__DisplayClass2_1",
          "Name",
          "NameExtensions",
          "NameLookup",
          "NameLookup.<>c",
          "NameLookup.<>c__DisplayClass0_0",
          "NameLookup.<>c__DisplayClass1_0",
          "NameLookupResult",
          "OptionMapper",
          "OptionMapper.<>c",
          "OptionMapper.<>c__DisplayClass0_0",
          "OptionMapper.<>c__DisplayClass0_1",
          "OptionSpecification",
          "PartitionExtensions",
          "PreprocessorGuards",
          "PreprocessorGuards.<>c__DisplayClass1_0",
          "PreprocessorGuards.<>c__DisplayClass2_0",
          "ReflectionExtensions",
          "ReflectionExtensions.<>c",
          "ReflectionExtensions.<>c__0<T>",
          "ReflectionExtensions.<>c__DisplayClass0_0<T>",
          "ReflectionExtensions.<>c__DisplayClass6_0<T>",
          "ReflectionExtensions.<FlattenHierarchy>d__3",
          "Specification",
          "SpecificationExtensions",
          "SpecificationExtensions.<>c__DisplayClass4_0",
          "SpecificationGuards",
          "SpecificationGuards.<>c",
          "SpecificationProperty",
          "SpecificationPropertyExtensions",
          "SpecificationPropertyExtensions.<>c__DisplayClass3_0",
          "SpecificationPropertyRules",
          "SpecificationPropertyRules.<>c",
          "SpecificationPropertyRules.<>c__DisplayClass5_0",
          "SpecificationPropertyRules.<>c__DisplayClass7_0",
          "SpecificationType",
          "TargetType",
          "Token",
          "TokenExtensions",
          "Tokenizer",
          "Tokenizer.<>c",
          "Tokenizer.<>c__DisplayClass1_0",
          "Tokenizer.<>c__DisplayClass2_0",
          "Tokenizer.<>c__DisplayClass4_0",
          "Tokenizer.<>c__DisplayClass4_1",
          "Tokenizer.<>c__DisplayClass5_0",
          "Tokenizer.<>c__DisplayClass5_1",
          "Tokenizer.<TokenizeLongName>d__7",
          "Tokenizer.<TokenizeShortName>d__6",
          "TokenPartitioner",
          "TokenPartitioner.<>c",
          "TokenPartitioner.SequenceState",
          "TokenType",
          "TypeConverter",
          "TypeConverter.<>c",
          "TypeConverter.<>c__DisplayClass1_0",
          "TypeConverter.<>c__DisplayClass3_0",
          "TypeConverter.<>c__DisplayClass5_0",
          "TypeConverter.<>c__DisplayClass5_1",
          "TypeDescriptor",
          "TypeDescriptorExtensions",
          "TypeLookup",
          "TypeLookup.<>c",
          "TypeLookup.<>c__DisplayClass0_0",
          "TypeLookup.<>c__DisplayClass0_1",
          "Value",
          "ValueMapper",
          "ValueMapper.<>c",
          "ValueMapper.<>c__DisplayClass1_0",
          "ValueMapper.<MapValuesImpl>d__1",
          "ValueSpecification",
          "Verb",
          "Verb.<>c"
        ],
        "CommandLine.Infrastructure": [
          "EnumerableExtensions",
          "EnumerableExtensions.<Group>d__3<T>",
          "ExceptionExtensions",
          "LocalizableAttributeProperty",
          "PopsicleSetter",
          "ReferenceEqualityComparer",
          "ReflectionHelper",
          "ReflectionHelper.<>c",
          "StringBuilderExtensions",
          "StringExtensions"
        ],
        "CommandLine.Text": [
          "AssemblyLicenseAttribute",
          "AssemblyUsageAttribute",
          "ComparableOption",
          "CopyrightInfo",
          "Example",
          "ExampleExtensions",
          "HeadingInfo",
          "HeadingInfo.<>c",
          "HelpText",
          "HelpText.<>c",
          "HelpText.<>c__59<T>",
          "HelpText.<>c__60<T>",
          "HelpText.<>c__61<T>",
          "HelpText.<>c__75<T>",
          "HelpText.<>c__76<T>",
          "HelpText.<>c__DisplayClass59_0<T>",
          "HelpText.<>c__DisplayClass61_0<T>",
          "HelpText.<>c__DisplayClass78_0<T>",
          "HelpText.<>c__DisplayClass79_0",
          "HelpText.<>c__DisplayClass84_0",
          "HelpText.<>c__DisplayClass84_1",
          "HelpText.<>c__DisplayClass88_0",
          "HelpText.<>c__DisplayClass89_0",
          "HelpText.<>c__DisplayClass90_0",
          "HelpText.<RenderParsingErrorsTextAsLines>d__75<T>",
          "HelpText.<RenderUsageTextAsLines>d__78<T>",
          "MultilineTextAttribute",
          "MultilineTextAttribute.<>c",
          "MultilineTextAttribute.<>c__DisplayClass22_0",
          "SentenceBuilder",
          "SentenceBuilder.<>c",
          "SentenceBuilder.DefaultSentenceBuilder",
          "SentenceBuilder.DefaultSentenceBuilder.<>c",
          "SentenceBuilder.DefaultSentenceBuilder.<>c__DisplayClass15_0",
          "SentenceBuilder.DefaultSentenceBuilder.<>c__DisplayClass15_1",
          "TextWrapper",
          "TextWrapper.<>c__DisplayClass2_0",
          "TextWrapper.<>c__DisplayClass3_0",
          "TextWrapper.<>c__DisplayClass6_0",
          "UsageAttribute"
        ],
        "CSharpx": [
          "Either",
          "Either.<>c__DisplayClass13_0<TRight>",
          "Either<TLeft, TRight>",
          "EitherExtensions",
          "EitherType",
          "EnumerableExtensions",
          "EnumerableExtensions.<>c__23<TSource>",
          "EnumerableExtensions.<>c__DisplayClass11_0<TSource>",
          "EnumerableExtensions.<>c__DisplayClass4_0<TFirst, TSecond, TResult>",
          "EnumerableExtensions.<ExcludeImpl>d__9<T>",
          "EnumerableExtensions.<ExpectingCountYieldingImpl>d__3<TSource>",
          "EnumerableExtensions.<FlattenOnce>d__32<T>",
          "EnumerableExtensions.<FlattenOnce>d__33",
          "EnumerableExtensions.<Intersperse>d__31<T>",
          "EnumerableExtensions.<PairwiseImpl>d__21<TSource, TResult>",
          "EnumerableExtensions.<Tail>d__25<T>",
          "EnumerableExtensions.<TailNoFail>d__26<T>",
          "EnumerableExtensions.MaterializedEnumerable<T>",
          "Just<T>",
          "Left<TLeft, TRight>",
          "Maybe",
          "Maybe<T>",
          "MaybeExtensions",
          "MaybeExtensions.<>c__DisplayClass7_0<TSource, TValue, TResult>",
          "MaybeExtensions.<>c__DisplayClass7_1<TSource, TValue, TResult>",
          "MaybeType",
          "Nothing<T>",
          "Right<TLeft, TRight>"
        ],
        "JetBrains.Annotations": [
          "AssertionMethodAttribute",
          "BaseTypeRequiredAttribute",
          "CanBeNullAttribute",
          "CannotApplyEqualityOperatorAttribute",
          "CodeTemplateAttribute",
          "CollectionAccessAttribute",
          "CollectionAccessType",
          "ContractAnnotationAttribute",
          "ImplicitNotNullAttribute",
          "ImplicitUseKindFlags",
          "ImplicitUseTargetFlags",
          "InstantHandleAttribute",
          "InvokerParameterNameAttribute",
          "ItemCanBeNullAttribute",
          "ItemNotNullAttribute",
          "LinqTunnelAttribute",
          "LocalizationRequiredAttribute",
          "MeansImplicitUseAttribute",
          "MustUseReturnValueAttribute",
          "NoEnumerationAttribute",
          "NotifyPropertyChangedInvocatorAttribute",
          "NotNullAttribute",
          "PathReferenceAttribute",
          "ProvidesContextAttribute",
          "PublicAPIAttribute",
          "PureAttribute",
          "RegexPatternAttribute",
          "StringFormatMethodAttribute",
          "UsedImplicitlyAttribute",
          "ValueProviderAttribute"
        ],
        "JetBrains.Collections": [
          "BlockingPriorityQueue<T>",
          "CollectionEx",
          "CompactList<T>",
          "CompactListEnumerator<T>",
          "CopyOnWriteList<T>",
          "CopyOnWriteList<T>.<>c<>",
          "CopyOnWriteList<T>.ItemIndexPair<>",
          "EmptyEnumerator<T>",
          "IPriorityQueue<T>",
          "JetKeyValuePair",
          "JetPriorityQueue<T>",
          "PriorityQueueEx",
          "ReferenceEqualityComparer<T>",
          "SingletonEnumerator<T>",
          "SmartListExtensions"
        ],
        "JetBrains.Collections.Synchronized": [
          "SynchronizedDictionary<TK, TV>",
          "SynchronizedDictionary<TK, TV>.<GetEnumerator>d__6<>",
          "SynchronizedDictionary<TK, TV>.<System-Collections-Generic-IEnumerable<TK>-GetEnumerator>d__35<>",
          "SynchronizedDictionary<TK, TV>.SynchronizedValues<>",
          "SynchronizedDictionary<TK, TV>.SynchronizedValues<>.<GetEnumerator>d__11<>",
          "SynchronizedList<T>",
          "SynchronizedList<T>.<GetEnumerator>d__4<>",
          "SynchronizedSet<T>",
          "SynchronizedSet<T>.<GetEnumerator>d__7<>"
        ],
        "JetBrains.Collections.Viewable": [
          "AddRemove",
          "AddUpdateRemove",
          "AsyncSignal<T>",
          "AsyncSignal<T>.<>c__DisplayClass1_0<>",
          "AsyncSignal<T>.<>c__DisplayClass1_1<>",
          "DefaultScheduler",
          "IAppendOnlyViewableConcurrentSet<T>",
          "IAsyncProperty<T>",
          "IAsyncSource<T>",
          "IReadonlyAsyncProperty<T>",
          "IReadonlyProperty<T>",
          "IScheduler",
          "ISignal<T>",
          "ISource<T>",
          "IViewableConcurrentSet<T>",
          "IViewableList<T>",
          "IViewableMap<K, V>",
          "IViewableProperty<T>",
          "IViewableSet<T>",
          "ListEvent<V>",
          "MapEvent<K, V>",
          "ModificationCookieViewableSet<T, TCookie>",
          "PrioritizedAction",
          "ReactiveEx",
          "ReactiveEx.<>c",
          "ReactiveEx.<>c__30<T>",
          "ReactiveEx.<>c__33<T>",
          "ReactiveEx.<>c__DisplayClass1_0<T>",
          "ReactiveEx.<>c__DisplayClass10_0<T>",
          "ReactiveEx.<>c__DisplayClass11_0<T>",
          "ReactiveEx.<>c__DisplayClass12_0<K, V>",
          "ReactiveEx.<>c__DisplayClass13_0<K, V>",
          "ReactiveEx.<>c__DisplayClass14_0<K, V>",
          "ReactiveEx.<>c__DisplayClass15_0<K, V>",
          "ReactiveEx.<>c__DisplayClass16_0<T>",
          "ReactiveEx.<>c__DisplayClass17_0<T>",
          "ReactiveEx.<>c__DisplayClass18_0<K, V>",
          "ReactiveEx.<>c__DisplayClass19_0<V>",
          "ReactiveEx.<>c__DisplayClass2_0",
          "ReactiveEx.<>c__DisplayClass20_0<V>",
          "ReactiveEx.<>c__DisplayClass23_0<T1, T2>",
          "ReactiveEx.<>c__DisplayClass24_0<T1, T2, T>",
          "ReactiveEx.<>c__DisplayClass25_0",
          "ReactiveEx.<>c__DisplayClass26_0",
          "ReactiveEx.<>c__DisplayClass3_0<T>",
          "ReactiveEx.<>c__DisplayClass34_0<T>",
          "ReactiveEx.<>c__DisplayClass4_0<T>",
          "ReactiveEx.<>c__DisplayClass5_0<T>",
          "ReactiveEx.<>c__DisplayClass6_0<T>",
          "ReactiveEx.<>c__DisplayClass7_0<T>",
          "ReactiveEx.<>c__DisplayClass8_0<T>",
          "ReactiveEx.<>c__DisplayClass9_0<T>",
          "ReactiveEx.MappedProperty<T, R>",
          "ReactiveEx.MappedProperty<T, R>.<>c__DisplayClass3_0<>",
          "ReactiveEx.MappedSink<T, R>",
          "ReactiveEx.MappedSink<T, R>.<>c__DisplayClass3_0<>",
          "SchedulerEx",
          "SchedulerEx.<>c__DisplayClass2_0",
          "SchedulerEx.<>c__DisplayClass3_0",
          "SchedulerWrapper",
          "SchedulerWrapper.<>c__DisplayClass3_0",
          "SchedulerWrapper.SyncContext",
          "SetEvent<T>",
          "Signal",
          "Signal.PriorityAdviseCookie",
          "Signal<T>",
          "SignalBase<T>",
          "SingleThreadScheduler",
          "SingleThreadScheduler.<>c__DisplayClass15_0",
          "SingleThreadScheduler.<>c__DisplayClass21_0",
          "SingleThreadScheduler.<>c__DisplayClass30_0",
          "SingleThreadScheduler.<GetScheduledTasks>d__32",
          "SingleThreadScheduler.ActionQueue",
          "SynchronousScheduler",
          "SynchronousScheduler.<>c",
          "SynchronousScheduler.<>c__DisplayClass11_0",
          "SynchronousScheduler.<GetScheduledTasks>d__10",
          "TaskSchedulerWrapper",
          "TaskSchedulerWrapper.<>c__DisplayClass8_0",
          "ViewableConcurrentSet<T>",
          "ViewableConcurrentSet<T>.<>c__DisplayClass14_0<>",
          "ViewableConcurrentSet<T>.<GetEnumerator>d__17<>",
          "ViewableConcurrentSet<T>.ReadCookie<>",
          "ViewableConcurrentSet<T>.VersionedData<>",
          "ViewableList<T>",
          "ViewableMap<TK, TV>",
          "ViewableMap<TK, TV>.<>c<>",
          "ViewableProperty<T>",
          "ViewableProperty<T>.<>c<>",
          "ViewableSet<T>",
          "WriteOnceProperty<T>",
          "WriteOnceProperty<T>.<>c<>",
          "WriteOnceProperty<T>.WriteOnceSignal<>"
        ],
        "JetBrains.Core": [
          "Maybe<T>",
          "Nothing",
          "Result",
          "Result<T>",
          "Result<TSuccess, TFailure>",
          "Result<TSuccess, TFailure>.<>c<>",
          "ResultException",
          "Unit"
        ],
        "JetBrains.Diagnostics": [
          "Assertion",
          "Assertion.AssertionException",
          "FirstChanceExceptionInterceptor",
          "FirstChanceExceptionInterceptor.<>c",
          "FirstChanceExceptionInterceptor.ThreadLocalDebugInfo",
          "ILog",
          "ILogFactory",
          "Log",
          "Log.<>c",
          "Log.LogFactoryCookie",
          "Log.SwitchingLog",
          "LogEx",
          "LoggingLevel",
          "LoggingLevelEx",
          "LogLog",
          "LogLogRecord",
          "LogWithLevel",
          "Mode",
          "ModeInitializer",
          "ProcessWatchdog",
          "ProcessWatchdog.<>c__DisplayClass6_0",
          "RName"
        ],
        "JetBrains.Diagnostics.Internal": [
          "LeveledMessage",
          "LogBase",
          "LogBase.<>c__DisplayClass13_0",
          "LogFactoryBase",
          "NullLog",
          "SingletonLogFactory",
          "TextWriterLog",
          "TextWriterLogFactory"
        ],
        "JetBrains.Diagnostics.StringInterpolation": [
          "JetConditionalInterpolatedStringHandler",
          "JetDefaultInterpolatedStringHandler",
          "JetLogErrorInterpolatedStringHandler",
          "JetLogInfoInterpolatedStringHandler",
          "JetLogLevelInterpolatedStringHandler",
          "JetLogTraceInterpolatedStringHandler",
          "JetLogVerboseInterpolatedStringHandler",
          "JetLogWarnInterpolatedStringHandler",
          "JetNotNullConditionalInterpolatedStringHandler"
        ],
        "JetBrains.Interop": [
          "Kernel32",
          "ProcessAccessRights",
          "ProcessExitCode"
        ],
        "JetBrains.Lifetimes": [
          "ITerminationHandler",
          "Lifetime",
          "Lifetime.<>c__DisplayClass101_0",
          "Lifetime.<>c__DisplayClass57_0",
          "Lifetime.<AssertTerminatesIn>d__110",
          "Lifetime.<RetryWhileOperationCancellingAsync>d__111",
          "Lifetime.<RetryWhileOperationCancellingAsync>d__112<T>",
          "Lifetime.<UsingAsync>d__49",
          "Lifetime.<UsingAsync>d__50<T>",
          "Lifetime.<UsingAsync>d__51",
          "Lifetime.<UsingAsync>d__52<T>",
          "Lifetime.<UsingNestedAsync>d__53<TRetVal>",
          "Lifetime.<UsingNestedAsync>d__54",
          "LifetimeCanceledException",
          "Lifetimed<T>",
          "LifetimeDefinition",
          "LifetimeDefinition.<>c__DisplayClass63_0",
          "LifetimeDefinition.<>c__DisplayClass64_0<T>",
          "LifetimeDefinition.<>c__DisplayClass85_0<T>",
          "LifetimeDefinition.<>c__DisplayClass88_0<T>",
          "LifetimeDefinition.<>c__DisplayClass98_0<T>",
          "LifetimeDefinition.AllowTerminationUnderExecutionCookie",
          "LifetimeDefinition.ExecuteIfAliveCookie",
          "LifetimeDefinition.FinalizableGuard",
          "LifetimeDefinition.UnderMutexCookie",
          "LifetimedList<T>",
          "LifetimedList<T>.Enumerator<>",
          "LifetimedListEx",
          "LifetimedListEx.<Select>d__3<TIn, TOut>",
          "LifetimedListEx.<Where>d__4<T>",
          "LifetimeStatus",
          "LifetimeTerminationTimeoutKind",
          "OuterLifetime",
          "SequentialLifetimes",
          "SequentialLifetimes.<>c__DisplayClass4_0",
          "SequentialLifetimes.<>c__DisplayClass5_0",
          "ValueLifetimed<T>"
        ],
        "JetBrains.Rd": [
          "CtxReadDelegate<T>",
          "CtxWriteDelegate<T>",
          "ExtCreationInfo",
          "IdKind",
          "IIdentities",
          "IInternRoot<TBase>",
          "InternId",
          "IProtocol",
          "ISerializers",
          "ISerializersContainer",
          "ITypesRegistrar",
          "IWire",
          "IWireWithDelayedDelivery",
          "RdContext<T>",
          "RdContextBase",
          "RdId",
          "SerializationCtx",
          "SerializationCtx.<>c__DisplayClass7_0",
          "SerializationCtx.<>c__DisplayClass7_1",
          "ThreadLocalRdContext<T>",
          "ThreadLocalRdContext<T>.<>c<>",
          "ThreadLocalRdContext<T>.UpdateValueCookie<>",
          "WireBase",
          "WireBase.<>c__DisplayClass14_0",
          "WireEx",
          "WireEx.<>c"
        ],
        "JetBrains.Rd.Base": [
          "AllowBindCookie",
          "BindState",
          "ExtWire",
          "ExtWire.<>c__10<TContext>",
          "ExtWire.<>c__DisplayClass9_0",
          "ExtWire.QueueItem",
          "IPerContextMap<K, V>",
          "IPrintable",
          "IRdBindable",
          "IRdDynamic",
          "IRdReactive",
          "IRdWireable",
          "IRdWireableDispatchHelper",
          "ISingleContextHandler",
          "ISingleContextHandler<T>",
          "PrintableEx",
          "ProtocolNotBoundException",
          "RdBindableBase",
          "RdBindableBase.<>c",
          "RdBindableBase.<>c__DisplayClass32_0",
          "RdBindableEx",
          "RdBindableEx.FastIsBindable<T>",
          "RdDelegateBase<T>",
          "RdDynamicEx",
          "RdExtBase",
          "RdExtBase.<>c__DisplayClass11_0",
          "RdExtBase.<>c__DisplayClass12_0",
          "RdExtBase.<>c__DisplayClass13_0",
          "RdExtBase.ExtState",
          "RdReactiveBase",
          "RdReactiveBase.LocalChangeCookie",
          "RdReactiveEx",
          "RdWireableDispatchHelperEx"
        ],
        "JetBrains.Rd.Impl": [
          "AsyncRdMap<K, V>",
          "AsyncRdMap<K, V>.<>c__DisplayClass61_0<>",
          "AsyncRdMap<K, V>.<>c__DisplayClass61_1<>",
          "AsyncRdMap<K, V>.DelegatingDispatchHelper<>",
          "AsyncRdMap<K, V>.RdMapBackend<>",
          "AsyncRdProperty<T>",
          "AsyncRdProperty<T>.<>c__DisplayClass43_0<>",
          "AsyncRdProperty<T>.<>c__DisplayClass57_0<>",
          "AsyncRdProperty<T>.<>c__DisplayClass57_1<>",
          "AsyncRdProperty<T>.<>c<>",
          "AsyncRdSet<T>",
          "AsyncRdSet<T>.<>c__DisplayClass57_0<>",
          "AsyncRdSet<T>.<>c__DisplayClass57_1<>",
          "AsyncRdSet<T>.DelegatingDispatchHelper<>",
          "AsyncRdSet<T>.RdSetBackend<>",
          "BufferWindow",
          "BufferWindow.Receiver",
          "ConcurrentRdSet<T>",
          "ConcurrentRdSet<T>.<>c__DisplayClass13_0<>",
          "ConcurrentRdSet<T>.<>c<>",
          "ExtCreatedUtils",
          "ExtCreatedUtils.<>c",
          "ExtCreatedUtils.<>c__DisplayClass2_0",
          "HeavySingleContextHandler<T>",
          "HeavySingleContextHandler<T>.<>c__DisplayClass14_0<>",
          "Identities",
          "InternRoot<TBase>",
          "InternRoot<TBase>.<>c__DisplayClass27_0<>",
          "InternRoot<TBase>.<>c__DisplayClass6_0<>",
          "InternRoot<TBase>.IdPair<>",
          "LightSingleContextHandler<T>",
          "MessageBroker",
          "MessageBroker.RdWireableDispatchHelper",
          "MessageBroker.RdWireableDispatchHelper.<>c__DisplayClass12_0",
          "Polymorphic<T>",
          "Polymorphic<T>.<>c__DisplayClass2_0<>",
          "Polymorphic<T>.<>c<>",
          "Protocol",
          "Protocol.<>c",
          "ProtocolContexts",
          "ProtocolContexts.<>c",
          "ProtocolContexts.<>c__DisplayClass19_0",
          "ProtocolContexts.MessageContext",
          "ProtocolContexts.MessageContextCookie",
          "ProtocolContexts.SendWithoutContextsCookie",
          "RdList<V>",
          "RdList<V>.<>c__DisplayClass28_0<>",
          "RdList<V>.<>c__DisplayClass31_0<>",
          "RdList<V>.<>c<>",
          "RdMap<K, V>",
          "RdMap<K, V>.<>c__DisplayClass32_0<>",
          "RdMap<K, V>.<>c__DisplayClass34_0<>",
          "RdMap<K, V>.<>c__DisplayClass34_1<>",
          "RdMap<K, V>.<>c<>",
          "RdPerContextMap<K, V>",
          "RdPerContextMap<K, V>.<>c__DisplayClass10_0<>",
          "RdPerContextMap<K, V>.<>c__DisplayClass10_1<>",
          "RdPerContextMap<K, V>.<>c__DisplayClass9_0<>",
          "RdPerContextMap<K, V>.ReactiveQueue<T>",
          "RdPerContextMap<K, V>.ReactiveQueue<T>.<>c__DisplayClass3_0<>",
          "RdProperty<T>",
          "RdProperty<T>.<>c__DisplayClass22_0<>",
          "RdProperty<T>.<>c__DisplayClass24_0<>",
          "RdProperty<T>.<>c<>",
          "RdPropertyBase",
          "RdSecureString",
          "RdSet<T>",
          "RdSet<T>.<>c__DisplayClass19_0<>",
          "RdSet<T>.<>c__DisplayClass19_1<>",
          "RdSet<T>.<>c__DisplayClass20_0<>",
          "RdSignal<T>",
          "RdSignal<T>.<>c__DisplayClass16_0<>",
          "RdSignal<T>.<>c<>",
          "RdSimpleDispatcher",
          "SendContext",
          "SendContext<TEvt, TReactive>",
          "Serializers",
          "Serializers.<>c",
          "Serializers.<>c__DisplayClass78_0<T>",
          "Serializers.<>c__DisplayClass78_1<T>",
          "Serializers.<>c__DisplayClass79_0<T>",
          "Serializers.<>c__DisplayClass82_0",
          "SerializersEx",
          "SerializersEx.<>c__DisplayClass15_0<T>",
          "SerializersEx.<>c__DisplayClass16_0<T>",
          "SerializersEx.<>c__DisplayClass17_0<T>",
          "SerializersEx.<>c__DisplayClass18_0<T>",
          "SerializersEx.<>c__DisplayClass19_0<T>",
          "SerializersEx.<>c__DisplayClass20_0<T>",
          "SerializersEx.<>c__DisplayClass21_0<T>",
          "SerializersEx.<>c__DisplayClass22_0<T>",
          "SerializersEx.<>c__DisplayClass23_0<T>",
          "SerializersEx.<>c__DisplayClass24_0<T>",
          "SocketWire",
          "SocketWire.Base",
          "SocketWire.Base.<>c__DisplayClass19_0",
          "SocketWire.Base.<>c__DisplayClass21_0",
          "SocketWire.Base.<>c__DisplayClass22_0",
          "SocketWire.Base.<>c__DisplayClass53_0",
          "SocketWire.Client",
          "SocketWire.Client.<>c__DisplayClass1_0",
          "SocketWire.Server",
          "SocketWire.Server.<>c__DisplayClass0_0",
          "SocketWire.Server.<>c__DisplayClass4_0",
          "SocketWire.ServerFactory",
          "SocketWire.ServerFactory.<>c__DisplayClass2_0",
          "SocketWire.ServerFactory.<>c__DisplayClass3_0",
          "SocketWire.ServerFactory.<>c__DisplayClass3_1",
          "SocketWire.WireParameters",
          "StealingScheduler"
        ],
        "JetBrains.Rd.Reflection": [
          "BindableChildrenUtil",
          "BindableChildrenUtil.<>c",
          "BindableChildrenUtil.<>c__DisplayClass3_0",
          "BindableChildrenUtil.<>c__DisplayClass4_0",
          "BuiltInSerializers",
          "BuiltInSerializers.<>c",
          "BuiltInSerializers.BuiltInType",
          "CollectionSerializers",
          "CollectionSerializers.<>c__DisplayClass0_0<T>",
          "CollectionSerializers.<>c__DisplayClass1_0<TKey, TValue>",
          "CollectionSerializers.<>c__DisplayClass2_0<TKey, TValue>",
          "CollectionSerializers.<>c__DisplayClass3_0<TKey, TValue>",
          "IBuiltInMarshaller<T>",
          "IProxyGenerator",
          "IProxyTypeMarker",
          "IReflectionBindable",
          "IScalarSerializers",
          "ISerializersSource",
          "ITypesCatalog",
          "ProxyGenerator",
          "ProxyGenerator.<>c",
          "ProxyGenerator.<GetBindableFieldsNames>d__34",
          "ProxyGenerator.FakeTuple<T1, T2, T3, T4, T5, T6, T7, TRest>",
          "ProxyGenerator.FakeTuple<T1, T2, T3, T4, T5, T6, T7>",
          "ProxyGenerator.FakeTuple<T1, T2, T3, T4, T5, T6>",
          "ProxyGenerator.FakeTuple<T1, T2, T3, T4, T5>",
          "ProxyGenerator.FakeTuple<T1, T2, T3, T4>",
          "ProxyGenerator.FakeTuple<T1, T2, T3>",
          "ProxyGenerator.FakeTuple<T1, T2>",
          "ProxyGenerator.FakeTuple<T1>",
          "ProxyGenerator.TypeBuilderContext",
          "ProxyGenerator.TypeBuilderContext.<>c",
          "ProxyGeneratorCache",
          "ProxyGeneratorCache.<>c",
          "ProxyGeneratorCache.<>c__DisplayClass5_0",
          "ProxyGeneratorCache.TokenComparer",
          "ProxyGeneratorEx",
          "ProxyGeneratorMembers",
          "ProxyGeneratorMembers.<>c",
          "ProxyGeneratorUtil",
          "ProxyGeneratorUtil.<>c__DisplayClass0_0<T>",
          "ProxyGeneratorUtil.<>c__DisplayClass2_0<TReq, TRes>",
          "RdExtAttribute",
          "RdExtReflectionBindableBase",
          "RdExtReflectionBindableBase.<>c",
          "RdModelAttribute",
          "RdReflectionBindableBase",
          "RdRpcAttribute",
          "RdScalarAttribute",
          "ReflectionRdActivator",
          "ReflectionRdActivator.<>c",
          "ReflectionRdActivator.<>c__DisplayClass23_0<TReq>",
          "ReflectionSerializers",
          "ReflectionSerializers.<>c",
          "ReflectionSerializers.<>c__DisplayClass15_0<T>",
          "ReflectionSerializersFacade",
          "ReflectionSerializerVerifier",
          "ReflectionSerializerVerifier.<>c",
          "ReflectionSerializerVerifier.<>c__DisplayClass23_0",
          "ReflectionSerializerVerifier.<>c__DisplayClass5_0",
          "ReflectionSerializerVerifier.<GetMethodsMap>d__23",
          "RpcTimeoutAttribute",
          "ScalarCollectionExtension",
          "ScalarCollectionExtension.<>c__DisplayClass1_0",
          "ScalarCollectionExtension.<>c__DisplayClass2_0<T>",
          "ScalarSerializer",
          "ScalarSerializer.<>c",
          "ScalarSerializer.<>c__DisplayClass3_0",
          "ScalarSerializer.<>c__DisplayClass4_0<T>",
          "ScalarSerializer.<>c__DisplayClass5_0<T>",
          "ScalarSerializer.<>c__DisplayClass7_0<T>",
          "SerializerPair",
          "SerializerPair.<>c__DisplayClass24_0<T>",
          "SerializerPair.<>c__DisplayClass25_0<T>",
          "SerializerPair.<>c__DisplayClass26_0<T>",
          "SerializerPair.<>c__DisplayClass28_0<T>",
          "SerializerReflectionUtil",
          "SerializerReflectionUtil.<>c__DisplayClass10_0<TIn, TOut>",
          "SerializerReflectionUtil.<>c__DisplayClass8_0<TIn, TOut>",
          "SerializerReflectionUtil.<GetFields>d__1",
          "SimpleTypesCatalog",
          "SwitchingScheduler",
          "SwitchingScheduler.<>c",
          "SwitchingScheduler.SwitchCookie"
        ],
        "JetBrains.Rd.Tasks": [
          "IRdCall<TReq, TRes>",
          "IRdEndpoint<TReq, TRes>",
          "IRdTask<T>",
          "RdCall<TReq, TRes>",
          "RdCall<TReq, TRes>.<>c__DisplayClass24_0<>",
          "RdCall<TReq, TRes>.<>c__DisplayClass29_0<>",
          "RdCall<TReq, TRes>.<>c__DisplayClass30_0<>",
          "RdFault",
          "RdTask",
          "RdTask<T>",
          "RdTaskEx",
          "RdTaskEx.<>c__DisplayClass11_0<TReq, TRes>",
          "RdTaskEx.<>c__DisplayClass13_0<TReq>",
          "RdTaskEx.<>c__DisplayClass14_0<T>",
          "RdTaskEx.<>c__DisplayClass3_0<T>",
          "RdTaskEx.<>c__DisplayClass4_0<T>",
          "RdTaskEx.<>c__DisplayClass5_0",
          "RdTaskEx.<>c__DisplayClass6_0<TReq, TRes>",
          "RdTaskEx.<>c__DisplayClass8_0<TReq>",
          "RdTaskEx.<>c__DisplayClass8_0<TReq>.<<SetVoidAsync>b__0>d<>",
          "RdTaskEx.<>c__DisplayClass9_0<TReq, TRes>",
          "RdTaskResult<T>",
          "RdTaskStatus",
          "RpcTimeouts",
          "WiredRdTask<TReq, TRes>",
          "WiredRdTask<TReq, TRes>.CallSite<>",
          "WiredRdTask<TReq, TRes>.CallSite<>.<>c__DisplayClass3_0<>",
          "WiredRdTask<TReq, TRes>.CallSite<>.<>c__DisplayClass5_0<>",
          "WiredRdTask<TReq, TRes>.CallSite<>.<>c<>",
          "WiredRdTask<TReq, TRes>.Endpoint<>",
          "WiredRdTask<TReq, TRes>.Endpoint<>.<>c__DisplayClass3_0<>",
          "WiredRdTask<TReq, TRes>.Endpoint<>.<>c__DisplayClass3_1<>"
        ],
        "JetBrains.Rd.Text": [
          "ITextBuffer",
          "ITextBufferWithTypingSession",
          "ITypingSession",
          "RdTextChangeEx"
        ],
        "JetBrains.Rd.Text.Impl": [
          "RdTextBuffer",
          "RdTextBuffer.<>c",
          "RdTextBuffer.TextBufferTypingSession",
          "RdTextBuffer.TextBufferTypingSession.State"
        ],
        "JetBrains.Rd.Text.Impl.Intrinsics": [
          "RdAssertion",
          "RdAssertion.<>c",
          "RdChangeOrigin",
          "RdTextBufferChange",
          "RdTextBufferChange.<>c",
          "RdTextBufferState",
          "RdTextBufferState.<>c"
        ],
        "JetBrains.Rd.Text.Intrinsics": [
          "RdTextChange",
          "RdTextChangeKind",
          "RdTextChangeSerializer",
          "RdTextChangeSerializer.<>c",
          "TextBufferVersion",
          "TextBufferVersion.MasterVersionSlaveVersionEqualityComparer",
          "TextBufferVersionSerializer",
          "TextBufferVersionSerializer.<>c"
        ],
        "JetBrains.Rd.Util": [
          "ConcurrentSet<T>",
          "DictionaryEx",
          "DictionaryEx.<>c__DisplayClass2_0<TKey, TValue>",
          "PrettyPrinter",
          "PrettyPrinter.PrettyPrinterIndentCookie",
          "PrintableEx",
          "SingleLinePrettyPrinter"
        ],
        "JetBrains.ReSharper.TestRunner": [
          "Application",
          "Application.<>c",
          "Application.<>c__DisplayClass4_0",
          "ApplicationOptionsExtensions",
          "Bootstrapper<TApplication>",
          "Bootstrapper<TApplication>.<>c__DisplayClass7_0<>",
          "Bootstrapper<TApplication>.<>c__DisplayClass9_0<>",
          "Bootstrapper<TApplication>.<>c<>",
          "EntryPoint",
          "EntryPoint.<>c",
          "EntryPoint.CommonOptions",
          "EntryPoint.ConnectOptions",
          "EntryPoint.ListenOptions",
          "IApplication",
          "IApplicationOptions",
          "IConnectOptions",
          "IListenOptions",
          "ProcessInfo",
          "ProcessInfo.CachedData",
          "RemoteAgentMode"
        ],
        "JetBrains.ReSharper.TestRunner.Extensions": [
          "AutofacExtensions",
          "AutofacExtensions.<>c",
          "AutofacExtensions.<>c__DisplayClass2_0",
          "CustomAttributeProviderExtensions",
          "LoadContextExtensions",
          "StringExtensions",
          "TaskEx",
          "TypeExtensions",
          "TypeExtensions.<>c__DisplayClass10_0",
          "TypeExtensions.<>c__DisplayClass5_0",
          "TypeExtensions.<>c__DisplayClass7_0",
          "TypeExtensions.<>c__DisplayClass9_0",
          "TypeExtensions.<GetHierarchy>d__3",
          "TypeExtensions.<GetInterfaces>d__4"
        ],
        "JetBrains.ReSharper.TestRunner.Implementation": [
          "BatchingTestExecutionSink",
          "BatchingTestExecutionSink.<>c",
          "BatchingTestExecutionSink.<>c__DisplayClass10_0",
          "BatchingTestExecutionSink.<>c__DisplayClass11_0",
          "BatchingTestExecutionSink.<>c__DisplayClass12_0",
          "BatchingTestExecutionSink.CollectedResults",
          "BatchingTestExecutionSink.CollectedResults.<<ScheduleFlush>b__11_0>d",
          "BatchingTestExecutionSink.CollectedResults.<>c__DisplayClass9_0",
          "ClientEndpoint",
          "ClientEndpoint.<>c__8<T, TResult>",
          "ClientEndpoint.<>c__DisplayClass4_0",
          "ClientEndpoint.<>c__DisplayClass4_1",
          "ClientEndpoint.<>c__DisplayClass5_0",
          "ClientEndpoint.<>c__DisplayClass5_1",
          "ClientEndpoint.<>c__DisplayClass6_0",
          "ClientEndpoint.<>c__DisplayClass6_0.<<TryRegisterAsyncHandler>b__0>d",
          "ClientEndpoint.<>c__DisplayClass7_0",
          "ClientEndpoint.<>c__DisplayClass8_0<T, TResult>",
          "ClientEndpoint.<RunAndLog>d__10",
          "ClientMessageBroker",
          "ClientMessageBroker.<SendMessage>d__4<TResult>",
          "DefaultTestAdapterLoadContextFactory",
          "DummyClientController",
          "FileSystem",
          "FileSystemCallbacks",
          "FileSystemRoot",
          "IExtendedTestExecutionSink",
          "IFileSystemCallbacks",
          "IFileSystemRoot",
          "InteroperableMessageBroker",
          "InteroperableMessageBroker.<>c__DisplayClass2_0",
          "InteroperableMessageBroker.<>c__DisplayClass3_0<TResult>",
          "IRemoteAgentEndpoint",
          "ITestAdapterLoadContextFactoryFactory",
          "Registrations",
          "RemoteAgentEndpoint",
          "RemoteAgentEndpoint.Builder",
          "RemoteAgentEndpoint.Connect",
          "RemoteAgentEndpoint.Connect.Bootstrapper",
          "RemoteAgentEndpoint.Listen",
          "RemoteAgentEndpoint.Listen.<>c",
          "RemoteAgentEndpoint.Listen.<>c__DisplayClass3_0",
          "RemoteAgentEndpoint.Listen.Bootstrapper",
          "RemoteAgentEndpoint.RdProtocolBootstrapper<TOptions>",
          "RemoteAgentEndpoint.RdProtocolBootstrapper<TOptions>.<>c__DisplayClass5_0<>",
          "SingleThreadTaskScheduler",
          "TestAdapterLoadContext",
          "TestAdapterLoadContextFactoryFactory",
          "TestAdapterLoadContextFactoryFactory.MarshallerAdapter<T>",
          "TestAdapterLoadContextFactoryFactory.MarshallerAdapter<T>.ReaderAdapter<>",
          "TestAdapterLoadContextFactoryFactory.MarshallerAdapter<T>.ReaderAdapter<>.<>c__DisplayClass20_0<T1, TCol>",
          "TestAdapterLoadContextFactoryFactory.MarshallerAdapter<T>.ReaderAdapter<>.<>c__DisplayClass21_0<TK, TV, TDict>",
          "TestAdapterLoadContextFactoryFactory.MarshallerAdapter<T>.WriterAdapter<>",
          "TestAdapterLoadContextFactoryFactory.MarshallerAdapter<T>.WriterAdapter<>.<>c__DisplayClass20_0<T1, TCol>",
          "TestAdapterLoadContextFactoryFactory.MarshallerAdapter<T>.WriterAdapter<>.<>c__DisplayClass21_0<TK, TV, TDict>",
          "TestAdapterLoadContextWrapper",
          "TestAdapterLoadContextWrapperBase",
          "TestDiscoverySink",
          "TestExecutionSink",
          "TestRunnerSerializersFacade",
          "ThreadAffinedClientMessageBroker",
          "UnitTestRemoteAgent",
          "UnitTestRemoteAgent.<>c__DisplayClass12_0",
          "UnitTestRemoteAgent.<>c__DisplayClass15_0"
        ],
        "JetBrains.ReSharper.TestRunner.Isolation": [
          "ApplicationLoadContext",
          "ApplicationLoadContext.<>c",
          "IApplicationLoadContext",
          "ILoadContextTracker",
          "LoadContext",
          "LoadContext.<>c",
          "LoadContext.NoIsolation",
          "LoadContext.NoIsolation.<>c",
          "LoadContextTracker",
          "ShadowCopyBehavior",
          "ShadowCopyBehavior.ShadowCopyByMaskBehavior",
          "ShadowCopyBehavior.ShadowCopyByMaskBehavior.ShadowCopyCookie"
        ],
        "JetBrains.ReSharper.TestRunner.Logging": [
          "Log",
          "Log.<>c",
          "Log.<>c__DisplayClass7_0",
          "Log.DelegatingSink",
          "Log.LoggerFactory",
          "Log.LoggerFactory.AbstractionsLoggerAdapter",
          "Log.LoggerFactory.DiagnosticsLoggerAdapter",
          "Log.TestRunnerServerSink",
          "Log.TestRunnerServerSink.<>c__DisplayClass9_0",
          "Log.TestRunnerServerSink.<>c__DisplayClass9_1",
          "LoggingExtensions",
          "LoggingModule",
          "LoggingModule.<>c"
        ],
        "JetBrains.ReSharper.TestRunner.Utils": [
          "Call",
          "DelegateUtils",
          "DelegateUtils.<>c__0<T>",
          "MethodInvoker",
          "MethodInvoker.<>c__DisplayClass8_0",
          "ProcessUtil",
          "ProcessUtil.Linux",
          "ProcessUtil.MacOS",
          "ProcessUtil.MacOS.LibProc",
          "ProcessUtil.MacOS.LibProc.proc_bsdinfo",
          "ProcessUtil.Windows",
          "ProcessUtil.Windows.PROCESSENTRY32"
        ],
        "JetBrains.Serialization": [
          "NativeMemoryPool",
          "NativeMemoryPool.<>c",
          "NativeMemoryPool.Cookie",
          "NativeMemoryPool.ThreadMemoryHolder",
          "UnsafeReader",
          "UnsafeReader.<>c",
          "UnsafeReader.IRawStringIntern",
          "UnsafeReader.RawString",
          "UnsafeReader.ReadDelegate<T>",
          "UnsafeWriter",
          "UnsafeWriter.<>c",
          "UnsafeWriter.Bookmark",
          "UnsafeWriter.Cookie",
          "UnsafeWriter.WriteDelegate<T>"
        ],
        "JetBrains.Threading": [
          "Actor<T>",
          "Actor<T>.<>c__DisplayClass14_0<>",
          "Actor<T>.<>c__DisplayClass14_0<>.<<-ctor>b__0>d<>",
          "Actor<T>.<>c__DisplayClass15_0<>",
          "Actor<T>.<>c__DisplayClass15_0<>.<<-ctor>b__0>d<>",
          "Actor<T>.<Process>d__16<>",
          "Actor<T>.<SendOrExecuteInline>d__19<>",
          "AsyncChannel<T>",
          "ByteBufferAsyncProcessor",
          "ByteBufferAsyncProcessor.Chunk",
          "ByteBufferAsyncProcessor.Processor",
          "ByteBufferAsyncProcessor.StateKind",
          "ExceptionEx",
          "IReceiveChannel<T>",
          "ISendChannel<T>",
          "ProactiveLazy<T>",
          "ScopedAsyncLocal<T>",
          "SpinWaitEx",
          "SpinWaitEx.<SpinUntilAsync>d__5",
          "SpinWaitLock",
          "SpinWaitLockExtensions",
          "SpinWaitLockExtensions.SpinWaitLockCookie",
          "TaskEx",
          "TaskEx.<>c",
          "TaskEx.<>c__DisplayClass2_0<T>",
          "TaskEx.<Select>d__5<TSrc, TDst>",
          "ThreadEx"
        ],
        "JetBrains.Util": [
          "BitHacks",
          "EmptyAction",
          "EmptyAction.<>c",
          "EmptyAction<T>",
          "EmptyAction<T>.<>c<>",
          "EmptyAction<T1, T2, T3>",
          "EmptyAction<T1, T2, T3>.<>c<>",
          "EmptyAction<T1, T2>",
          "EmptyAction<T1, T2>.<>c<>",
          "EmptyArray",
          "EmptyArray<T>",
          "GenericUtil<T>",
          "LocalStopwatch",
          "MethodImplAdvancedOptions",
          "NullableEx",
          "ReflectionUtil",
          "ReflectionUtil.<>c__DisplayClass13_0<T>",
          "ReflectionUtil.<>c__DisplayClass2_0",
          "ReflectionUtil.<>c__DisplayClass3_0",
          "ReflectionUtil.<EnumerateEnumValues>d__11<T>",
          "ReflectionUtil.SetValueDelegate",
          "RentedValueCookie<T>",
          "RuntimeInfo",
          "SingleThreadListPool<T>",
          "SingleThreadListPool<T>.<>c<>",
          "SingleThreadObjectPool<T>"
        ],
        "JetBrains.Util.Internal": [
          "Memory"
        ],
        "JetBrains.Util.Util": [
          "BitSlice",
          "BitSlice<T>",
          "BoolBitSlice",
          "Cast32BitEnum<T>",
          "Cast64BitEnum<T>",
          "CastTo<TTo>",
          "CastTo<TTo>.Cache<T>",
          "Enum32BitSlice<T>",
          "IntBitSlice",
          "Statics",
          "StaticsForType<T>",
          "Types",
          "Types.<>c__DisplayClass1_0"
        ],
        "Microsoft.CodeAnalysis": [
          "<602521c8-a751-489a-b4bd-3a3bcc9e4a77>EmbeddedAttribute",
          "<8fc71ad2-e08b-4591-b311-ccd4954dfb88>EmbeddedAttribute",
          "<b4eaf719-2864-4787-805b-d0afe0ab766f>EmbeddedAttribute",
          "<d2506873-fe38-402e-be05-6f96fb1f5cc0>EmbeddedAttribute",
          "<d99f7280-bbe9-4c04-bfc3-c5811d000606>EmbeddedAttribute",
          "<e4186295-7287-47f1-a0a8-d6b90ba85df1>EmbeddedAttribute",
          "EmbeddedAttribute"
        ],
        "RailwaySharp.ErrorHandling": [
          "Bad<TSuccess, TMessage>",
          "Ok<TSuccess, TMessage>",
          "Result",
          "Result<TSuccess, TMessage>",
          "Result<TSuccess, TMessage>.<>c<>",
          "ResultExtensions",
          "ResultExtensions.<>c__8<TSuccess, TMessage>",
          "ResultExtensions.<>c__9<TSuccess, TMessage>",
          "ResultExtensions.<>c__DisplayClass6_0<TSuccess, TMessage, TValue, TResult>",
          "ResultExtensions.<>c__DisplayClass6_1<TSuccess, TMessage, TValue, TResult>",
          "ResultType",
          "Trial",
          "Trial.<>c__13<TSuccess, TMessage>",
          "Trial.<>c__6<TSuccess, TMessage>",
          "Trial.<>c__8<TValue, TSuccess, TMessage>",
          "Trial.<>c__9<TSuccess, TMessage>",
          "Trial.<>c__DisplayClass7_0<TSuccess, TMessage>",
          "Trial.<>c__DisplayClass8_0<TValue, TSuccess, TMessage>"
        ],
        "Serilog": [
          "ConsoleLoggerConfigurationExtensions",
          "FileLoggerConfigurationExtensions",
          "ILogger",
          "Log",
          "LoggerConfiguration",
          "LoggerConfiguration.<>c__DisplayClass32_0",
          "LoggerExtensions",
          "RollingInterval",
          "ThreadLoggerConfigurationExtensions"
        ],
        "Serilog.Capturing": [
          "GetablePropertyFinder",
          "GetablePropertyFinder.<>c__DisplayClass0_0",
          "GetablePropertyFinder.<GetPropertiesRecursive>d__0",
          "MessageTemplateProcessor",
          "PropertyBinder",
          "PropertyValueConverter",
          "PropertyValueConverter.<<TryConvertEnumerable>g__MapToDictionaryElements|14_0>d",
          "PropertyValueConverter.<<TryConvertEnumerable>g__MapToSequenceElements|14_1>d",
          "PropertyValueConverter.<GetProperties>d__21",
          "PropertyValueConverter.DepthLimiter"
        ],
        "Serilog.Configuration": [
          "ILoggerSettings",
          "LoggerAuditSinkConfiguration",
          "LoggerDestructuringConfiguration",
          "LoggerDestructuringConfiguration.<>c__11<TValue>",
          "LoggerDestructuringConfiguration.<>c__DisplayClass11_0<TValue>",
          "LoggerDestructuringConfiguration.<>c__DisplayClass12_0<TValue>",
          "LoggerEnrichmentConfiguration",
          "LoggerEnrichmentConfiguration.<>c__DisplayClass7_0",
          "LoggerEnrichmentConfiguration.<>c__DisplayClass8_0",
          "LoggerEnrichmentConfiguration.<>c__DisplayClass9_0",
          "LoggerFilterConfiguration",
          "LoggerFilterConfiguration.<>c__DisplayClass5_0",
          "LoggerMinimumLevelConfiguration",
          "LoggerSettingsConfiguration",
          "LoggerSinkConfiguration",
          "LoggerSinkConfiguration.<>c__DisplayClass8_0"
        ],
        "Serilog.Context": [
          "ImmutableStack<T>",
          "ImmutableStack<T>.Enumerator<>",
          "LogContext",
          "LogContext.ContextStackBookmark",
          "LogContextEnricher"
        ],
        "Serilog.Core": [
          "Constants",
          "CustomDefaultMethodImplementationAttribute",
          "IDestructuringPolicy",
          "ILogEventEnricher",
          "ILogEventFilter",
          "ILogEventPropertyFactory",
          "ILogEventPropertyValueFactory",
          "ILogEventSink",
          "IMessageTemplateParser",
          "IScalarConversionPolicy",
          "LevelOverrideMap",
          "LevelOverrideMap.<>c",
          "LevelOverrideMap.LevelOverride",
          "Logger",
          "Logger.<>c",
          "LoggingLevelSwitch",
          "MessageTemplateFormatMethodAttribute"
        ],
        "Serilog.Core.Enrichers": [
          "ConditionalEnricher",
          "EmptyEnricher",
          "FixedPropertyEnricher",
          "PropertyEnricher",
          "SafeAggregateEnricher"
        ],
        "Serilog.Core.Filters": [
          "DelegateFilter"
        ],
        "Serilog.Core.Pipeline": [
          "MessageTemplateCache",
          "SilentLogger"
        ],
        "Serilog.Core.Sinks": [
          "AggregateSink",
          "ConditionalSink",
          "DisposeDelegatingSink",
          "DisposingAggregateSink",
          "FilteringSink",
          "RestrictedSink",
          "SafeAggregateSink",
          "SecondaryLoggerSink"
        ],
        "Serilog.Data": [
          "LogEventPropertyValueRewriter<TState>",
          "LogEventPropertyValueVisitor<TState, TResult>"
        ],
        "Serilog.Debugging": [
          "LoggingFailedException",
          "SelfLog",
          "SelfLog.<>c__DisplayClass3_0"
        ],
        "Serilog.Enrichers": [
          "ThreadIdEnricher",
          "ThreadNameEnricher"
        ],
        "Serilog.Events": [
          "DictionaryValue",
          "DictionaryValue.<>c",
          "EventProperty",
          "LevelAlias",
          "LogEvent",
          "LogEventLevel",
          "LogEventProperty",
          "LogEventPropertyValue",
          "MessageTemplate",
          "ScalarValue",
          "SequenceValue",
          "StructureValue"
        ],
        "Serilog.Filters": [
          "Matching",
          "Matching.<>c__DisplayClass1_0",
          "Matching.<>c__DisplayClass2_0",
          "Matching.<>c__DisplayClass3_0",
          "Matching.<>c__DisplayClass4_0<TScalar>"
        ],
        "Serilog.Formatting": [
          "ITextFormatter"
        ],
        "Serilog.Formatting.Display": [
          "LevelOutputFormat",
          "MessageTemplateTextFormatter",
          "OutputProperties",
          "OutputProperties.<>c",
          "PropertiesOutputFormat",
          "PropertiesOutputFormat.<>c",
          "PropertiesOutputFormat.<>c__DisplayClass1_0"
        ],
        "Serilog.Formatting.Display.Obsolete": [
          "LiteralStringValue",
          "LogEventLevelValue",
          "LogEventPropertiesValue",
          "LogEventPropertyMessageValue"
        ],
        "Serilog.Formatting.Json": [
          "JsonFormatter",
          "JsonFormatter.<>c",
          "JsonFormatter.<>c__DisplayClass9_0",
          "JsonValueFormatter"
        ],
        "Serilog.Formatting.Raw": [
          "RawFormatter"
        ],
        "Serilog.Parsing": [
          "Alignment",
          "AlignmentDirection",
          "Destructuring",
          "MessageTemplateParser",
          "MessageTemplateParser.<Tokenize>d__1",
          "MessageTemplateToken",
          "PropertyToken",
          "TextToken"
        ],
        "Serilog.Policies": [
          "ByteArrayScalarConversionPolicy",
          "ByteArrayScalarConversionPolicy.<>c",
          "DelegateDestructuringPolicy",
          "EnumScalarConversionPolicy",
          "ProjectedDestructuringPolicy",
          "ReflectionTypesScalarDestructuringPolicy",
          "SimpleScalarConversionPolicy"
        ],
        "Serilog.Rendering": [
          "Casing",
          "MessageTemplateRenderer",
          "Padding"
        ],
        "Serilog.Settings.KeyValuePairs": [
          "CallableConfigurationMethodFinder",
          "CallableConfigurationMethodFinder.<>c",
          "CallableConfigurationMethodFinder.<>c__DisplayClass0_0",
          "KeyValuePairSettings",
          "KeyValuePairSettings.<>c",
          "KeyValuePairSettings.<>c__DisplayClass21_0",
          "KeyValuePairSettings.<>c__DisplayClass23_0",
          "KeyValuePairSettings.<>c__DisplayClass26_0",
          "KeyValuePairSettings.<>c__DisplayClass26_1",
          "KeyValuePairSettings.<>c__DisplayClass26_2",
          "KeyValuePairSettings.<>c__DisplayClass27_0",
          "KeyValuePairSettings.<>c__DisplayClass27_1",
          "KeyValuePairSettings.<>c__DisplayClass27_2",
          "KeyValuePairSettings.ConfigurationMethodCall",
          "SettingValueConversions",
          "SettingValueConversions.<>c",
          "SettingValueConversions.<>c__DisplayClass2_0",
          "SettingValueConversions.<>c__DisplayClass2_1",
          "SurrogateConfigurationMethods",
          "SurrogateConfigurationMethods.<>c"
        ],
        "Serilog.Sinks.File": [
          "Clock",
          "Clock.<>c",
          "FileLifeCycleHookChain",
          "FileLifecycleHooks",
          "FileSink",
          "IFileSink",
          "IFlushableFileSink",
          "IOErrors",
          "NullSink",
          "PathRoller",
          "PathRoller.<SelectMatches>d__15",
          "PeriodicFlushToDiskSink",
          "PeriodicFlushToDiskSink.<>c",
          "PeriodicFlushToDiskSink.<>c__DisplayClass3_0",
          "RollingFileSink",
          "RollingFileSink.<>c",
          "RollingFileSink.<>c__DisplayClass18_0",
          "RollingFileSink.<>c__DisplayClass19_0",
          "RollingIntervalExtensions",
          "RollingLogFile",
          "SharedFileSink",
          "WriteCountingStream"
        ],
        "Serilog.Sinks.SystemConsole": [
          "ConsoleSink"
        ],
        "Serilog.Sinks.SystemConsole.Formatting": [
          "ThemedDisplayValueFormatter",
          "ThemedJsonValueFormatter",
          "ThemedValueFormatter",
          "ThemedValueFormatterState"
        ],
        "Serilog.Sinks.SystemConsole.Output": [
          "EventPropertyTokenRenderer",
          "ExceptionTokenRenderer",
          "LevelOutputFormat",
          "LevelTokenRenderer",
          "MessageTemplateOutputTokenRenderer",
          "NewLineTokenRenderer",
          "OutputTemplateRenderer",
          "OutputTemplateTokenRenderer",
          "PropertiesTokenRenderer",
          "PropertiesTokenRenderer.<>c",
          "PropertiesTokenRenderer.<>c__DisplayClass5_0",
          "TextTokenRenderer",
          "TimestampTokenRenderer"
        ],
        "Serilog.Sinks.SystemConsole.Platform": [
          "WindowsConsole"
        ],
        "Serilog.Sinks.SystemConsole.Rendering": [
          "AlignmentExtensions",
          "Casing",
          "Padding",
          "ThemedMessageTemplateRenderer"
        ],
        "Serilog.Sinks.SystemConsole.Themes": [
          "AnsiConsoleTheme",
          "AnsiConsoleTheme.<>c",
          "AnsiConsoleThemes",
          "ConsoleTheme",
          "ConsoleThemeStyle",
          "EmptyConsoleTheme",
          "StyleReset",
          "SystemConsoleTheme",
          "SystemConsoleTheme.<>c",
          "SystemConsoleThemes",
          "SystemConsoleThemeStyle"
        ],
        "System.Diagnostics.CodeAnalysis": [
          "<0ed62c48-4a56-4c18-8bcb-ae19a164dd67>NotNullAttribute",
          "<1f2c628e-2479-4d5b-bb42-3fba6abe9d38>MemberNotNullAttribute",
          "<2e1d62d3-1936-484e-80cf-fe6e4647baec>AllowNullAttribute",
          "<49f2279a-31d3-4c7e-9f16-80d3b7c76ecd>MemberNotNullAttribute",
          "<613beb62-89c7-4b86-a60a-f5938238f1d6>MemberNotNullWhenAttribute",
          "<67a5cbbb-b644-40ad-8ebb-3fa4a37e01a8>MaybeNullWhenAttribute",
          "<72ef53cc-5699-4138-b456-17d37ce381cd>MaybeNullAttribute",
          "<94db3b7a-c281-4006-88c9-41e3bcd360de>MemberNotNullWhenAttribute",
          "<c1d0d57d-3297-4f76-aea6-3d07e30b20d6>NotNullWhenAttribute",
          "<de7e20c9-164e-4995-9780-bac32a16ab3f>DoesNotReturnIfAttribute",
          "<e38b56bd-e568-43cd-9d90-9affb23aba5f>DoesNotReturnAttribute",
          "<f28f9dd5-6d31-41af-82f6-02e844eb592b>NotNullIfNotNullAttribute",
          "<f9c97cc3-1db3-4dc8-b10e-33dee18c327b>DisallowNullAttribute",
          "AllowNullAttribute",
          "DisallowNullAttribute",
          "DoesNotReturnAttribute",
          "DoesNotReturnIfAttribute",
          "MaybeNullAttribute",
          "MaybeNullWhenAttribute",
          "MemberNotNullAttribute",
          "MemberNotNullWhenAttribute",
          "NotNullAttribute",
          "NotNullIfNotNullAttribute",
          "NotNullWhenAttribute"
        ],
        "System.Runtime.CompilerServices": [
          "<04fb48ff-1da8-4b98-9649-ff3e0d635717>NullableContextAttribute",
          "<1946c8ea-a940-4524-8812-f5f69dba5631>NullableAttribute",
          "<3c458eb4-5285-4010-ac24-a2a9d6002709>NullableContextAttribute",
          "<42fbe6c3-2f27-499b-8613-918d93fc4af2>NullableAttribute",
          "<4728b38a-0e05-4dc2-a704-80fcbf02192e>IsByRefLikeAttribute",
          "<519add5d-9010-452f-ac67-ddc69ce26659>IsUnmanagedAttribute",
          "<567be169-c40d-4c30-b940-a01c126faa83>IsUnmanagedAttribute",
          "<5cbeb85e-25b4-4c5a-8a9a-d9f30222b73e>NullableAttribute",
          "<6d5ebc31-d0ef-4fb3-9f0f-0e568ad4c8a9>NullableAttribute",
          "<8002e218-73bf-42eb-9775-250f6e77ef08>NullableContextAttribute",
          "<80f826a1-7faf-4342-9df4-9be2b5f7753b>NullableContextAttribute",
          "<97c4ca72-a2cd-47ac-bb66-829ac800915f>NullableAttribute",
          "<a045361d-6ca4-426b-b720-1e9ff2cf7054>NullableContextAttribute",
          "<c58d63d2-ff5e-4d1b-aff8-2f78c35c03f7>NullableAttribute",
          "<d205fd3a-1af8-49ee-a035-5eb96692de99>IsReadOnlyAttribute",
          "<f1ec7c40-a0bd-4315-9512-53d1b82d4ec8>IsReadOnlyAttribute",
          "CallerArgumentExpressionAttribute",
          "InterpolatedStringHandlerArgumentAttribute",
          "InterpolatedStringHandlerAttribute",
          "IsByRefLikeAttribute",
          "IsReadOnlyAttribute",
          "IsUnmanagedAttribute",
          "NullableAttribute",
          "NullableContextAttribute"
        ]
      },
      "Children": []
    },
    {
      "Description": "Assembly System.Runtime.InteropServices, Version=8.0.0.0, Culture=neutral, PublicKeyToken=b03f5f7f11d50a3a with 70 types",
      "Types": {
        "FxResources.System.Runtime.InteropServices": [
          "SR"
        ],
        "System": [
          "SR"
        ],
        "System.Runtime.CompilerServices": [
          "IDispatchConstantAttribute",
          "IUnknownConstantAttribute"
        ],
        "System.Runtime.InteropServices": [
          "AssemblyRegistrationFlags",
          "AutomationProxyAttribute",
          "ComAliasNameAttribute",
          "ComAwareEventInfo",
          "ComCompatibleVersionAttribute",
          "ComConversionLossAttribute",
          "ComRegisterFunctionAttribute",
          "ComUnregisterFunctionAttribute",
          "ExporterEventKind",
          "HandleCollector",
          "ImportedFromTypeLibAttribute",
          "ManagedToNativeComInteropStubAttribute",
          "PrimaryInteropAssemblyAttribute",
          "RegistrationClassContext",
          "RegistrationConnectionType",
          "RuntimeEnvironment",
          "TypeLibFuncAttribute",
          "TypeLibFuncFlags",
          "TypeLibImportClassAttribute",
          "TypeLibTypeAttribute",
          "TypeLibTypeFlags",
          "TypeLibVarAttribute",
          "TypeLibVarFlags",
          "TypeLibVersionAttribute"
        ],
        "System.Runtime.InteropServices.ComTypes": [
          "ADVF",
          "DATADIR",
          "DVASPECT",
          "FORMATETC",
          "IAdviseSink",
          "IDataObject",
          "IEnumFORMATETC",
          "IEnumSTATDATA",
          "STATDATA",
          "STGMEDIUM",
          "TYMED"
        ],
        "System.Runtime.InteropServices.Marshalling": [
          "ComExposedClassAttribute<T>",
          "ComImportInteropInterfaceDetailsStrategy",
          "ComImportInteropInterfaceDetailsStrategy.<>c",
          "ComImportInteropInterfaceDetailsStrategy.ComImportDetails",
          "ComImportInteropInterfaceDetailsStrategy.IComImportAdapter",
          "ComInterfaceMarshaller<T>",
          "ComInterfaceOptions",
          "ComObject",
          "DefaultCaching",
          "DefaultIUnknownInterfaceDetailsStrategy",
          "ExceptionAsDefaultMarshaller<T>",
          "ExceptionAsHResultMarshaller<T>",
          "ExceptionAsNaNMarshaller<T>",
          "ExceptionAsVoidMarshaller",
          "FreeThreadedStrategy",
          "GeneratedComClassAttribute",
          "GeneratedComInterfaceAttribute",
          "IComExposedClass",
          "IComExposedDetails",
          "IIUnknownCacheStrategy",
          "IIUnknownCacheStrategy.TableInfo",
          "IIUnknownDerivedDetails",
          "IIUnknownInterfaceDetailsStrategy",
          "IIUnknownInterfaceType",
          "IIUnknownStrategy",
          "IUnknownDerivedAttribute<T, TImpl>",
          "IUnmanagedVirtualMethodTableProvider",
          "StrategyBasedComWrappers",
          "UniqueComInterfaceMarshaller<T>",
          "VirtualMethodTableInfo"
        ],
        "System.Security": [
          "SecureStringMarshal"
        ]
      },
      "Children": []
    }
  ]
}
