{
  "TestName": "GenericType",
  "Environment": {
    "Types": {
      "GenericTypeValueType`1": {
        "Kind": "Class",
        "Attributes": [
          "DisableAutoProfileAttribute",
          "NullableAttribute",
          "NullableContextAttribute"
        ],
        "ImplementedInterfaces": [
          "IEquatable<TypeCacheTests.GenericType.GenericTypeValueType<T>>",
          "IEquatable<TypeValueType>",
          "IEquatable<ValueType<Type>>",
          "ITypeValueType",
          "IValueType"
        ]
      }
    }
  },
  "Exceptions": {
    "Type": "JLib.Exceptions.JLibAggregateException",
    "MessageLines": [
      "GenericType"
    ],
    "InnerExceptions": [
      {
        "Type": "JLib.Exceptions.JLibAggregateException",
        "MessageLines": [
          "Cache setup failed"
        ],
        "InnerExceptions": [
          {
            "Type": "JLib.Exceptions.JLibAggregateException",
            "MessageLines": [
              "some Types have no filter attributes"
            ],
            "InnerExceptions": [
              {
                "Type": "JLib.Reflection.InvalidTypeException",
                "MessageLines": [
                  "JLib.Reflection.Tests.TypeCacheTests.GenericType.GenericTypeValueType<T>"
                ],
                "InnerExceptions": []
              }
            ]
          }
        ]
      }
    ]
  },
  "CachedTypes": {},
  "KnownTypeValueTypes": [
    "GenericTypeValueType`1"
  ]
}
