{
  "Description": "JLib.Reflection.Tests.DemoAssembly1 Filtered",
  "Types": {
    "JLib.Reflection.Tests.DemoAssembly1": [
      "TestAssemblyDemoClassA",
      "TestAssemblyDemoClassB",
      "TestAssemblyDemoClassC"
    ]
  },
  "Children": [
    {
      "Description": "JLib.Reflection Filtered",
      "Types": {},
      "Children": []
    }
  ]
}
