{
  "Description": "nested types of DemoTypes.NestingDemoClass, DemoTypes.NestingDemoClass2 Filtered",
  "Types": {
    "JLib.Reflection.Tests": [
      "DemoTypes.NestingDemoClass.NestedDemoClassA",
      "DemoTypes.NestingDemoClass.NestedDemoClassB",
      "DemoTypes.NestingDemoClass.NestedDemoClassC",
      "DemoTypes.NestingDemoClass2.NestedDemoClass2A",
      "DemoTypes.NestingDemoClass2.NestedDemoClass2B",
      "DemoTypes.NestingDemoClass2.NestedDemoClass2C"
    ]
  },
  "Children": []
}
