{
  "Description": "2 Packages",
  "Types": {},
  "Children": [
    {
      "Description": "1 Types",
      "Types": {
        "JLib.Reflection.Tests": [
          "DemoTypes.DemoClassA"
        ]
      },
      "Children": []
    },
    {
      "Description": "2 Types",
      "Types": {
        "JLib.Reflection.Tests": [
          "DemoTypes.DemoClassB",
          "DemoTypes.DemoClassC"
        ]
      },
      "Children": []
    }
  ]
}
