{
  "Description": "2 Assemblies and 0 types Filtered",
  "Types": {},
  "Children": [
    {
      "Description": "JLib.Reflection.Tests.DemoAssembly1 Filtered",
      "Types": {
        "JLib.Reflection.Tests.DemoAssembly1": [
          "TestAssemblyDemoClassA",
          "TestAssemblyDemoClassB",
          "TestAssemblyDemoClassC"
        ]
      },
      "Children": [
        {
          "Description": "JLib.Reflection Filtered",
          "Types": {},
          "Children": []
        }
      ]
    },
    {
      "Description": "JLib.Reflection.Tests.DemoAssembly2 Filtered",
      "Types": {
        "JLib.Reflection.Tests.DemoAssembly2": [
          "TestAssembly2DemoClassA",
          "TestAssembly2DemoClassB",
          "TestAssembly2DemoClassC"
        ]
      },
      "Children": []
    }
  ]
}
