{
  "Parameters": {
    "TestName": "NoRepo_ProvR",
    "ExpectedBehavior": [
      "  Provided:                                ",
      "    DataProvider         : Read Only       ",
      "    Repository           : -               ",
      "  Expected Implementations:                ",
      "    IDataProviderR       : DataProvider    ",
      "    IDataProviderRw      : -               ",
      "    ISourceDataProviderR : DataProvider    ",
      "    ISourceDataProviderRw: -               "
    ],
    "includedTypes": [
      "JLib.DataProvider.Tests.AddDataProvider.AddDataProviderTests.TestCommandEntity",
      "JLib.DataProvider.Tests.AddDataProvider.AddDataProviderTests.TestDataProviderR<T>"
    ]
  },
  "exception": null,
  "cache": {
    "JLib.Cqrs": {
      "JLib.Reflection.TypePackageProviderType": [
        "JLib.Cqrs.JLibCqrsTp"
      ]
    },
    "JLib.DataProvider": {
      "JLib.DataProvider.EntityType": [
        "JLib.DataProvider.IgnoredEntity"
      ],
      "JLib.DataProvider.SourceDataProviderType": [
        "JLib.DataProvider.CastDataProviderR<TFrom, TTo>",
        "JLib.DataProvider.InMemoryDataProvider<TEntity>"
      ],
      "JLib.Reflection.TypePackageProviderType": [
        "JLib.DataProvider.JLibDataProviderTp"
      ]
    },
    "JLib.DataProvider.Testing": {
      "JLib.Reflection.TypePackageProviderType": [
        "JLib.DataProvider.Testing.JLibDataProviderTestingTp"
      ]
    },
    "JLib.DataProvider.Tests.AddDataProvider": {
      "JLib.Cqrs.CommandEntityType": [
        "JLib.DataProvider.Tests.AddDataProvider.AddDataProviderTests.TestCommandEntity"
      ],
      "JLib.DataProvider.SourceDataProviderType": [
        "JLib.DataProvider.Tests.AddDataProvider.AddDataProviderTests.TestDataProviderR<T>"
      ]
    },
    "JLib.DependencyInjection": {
      "JLib.Reflection.TypePackageProviderType": [
        "JLib.DependencyInjection.JLibDependencyInjectionTp"
      ]
    },
    "JLib.Reflection.DependencyInjection": {
      "JLib.Reflection.TypePackageProviderType": [
        "JLib.Reflection.DependencyInjection.JLibReflectionDependencyInjectionTp"
      ]
    },
    "JLib.Testing": {
      "JLib.Reflection.TypePackageProviderType": [
        "JLib.Testing.JLibTestingTp"
      ]
    }
  },
  "services": {
    "JLib.DataProvider.Tests.AddDataProvider.AddDataProviderTests.TestCommandEntity": {
      "JLib.DataProvider.IDataProviderR<TDataObject>": [
        {
          "Lifetime": "Scoped",
          "ImplementationSource": "Factory",
          "ServiceType": "JLib.DataProvider.IDataProviderR<TDataObject>",
          "ServiceArguments": [
            "JLib.DataProvider.Tests.AddDataProvider.AddDataProviderTests.TestCommandEntity"
          ],
          "ImplementationType": "JLib.DataProvider.Tests.AddDataProvider.AddDataProviderTests.TestDataProviderR<T>",
          "ImplementationTypeArguments": [
            "JLib.DataProvider.Tests.AddDataProvider.AddDataProviderTests.TestCommandEntity"
          ]
        }
      ],
      "JLib.DataProvider.ISourceDataProviderR<TDataObject>": [
        {
          "Lifetime": "Scoped",
          "ImplementationSource": "Factory",
          "ServiceType": "JLib.DataProvider.ISourceDataProviderR<TDataObject>",
          "ServiceArguments": [
            "JLib.DataProvider.Tests.AddDataProvider.AddDataProviderTests.TestCommandEntity"
          ],
          "ImplementationType": "JLib.DataProvider.Tests.AddDataProvider.AddDataProviderTests.TestDataProviderR<T>",
          "ImplementationTypeArguments": [
            "JLib.DataProvider.Tests.AddDataProvider.AddDataProviderTests.TestCommandEntity"
          ]
        }
      ],
      "JLib.DataProvider.Tests.AddDataProvider.AddDataProviderTests.TestDataProviderR<T>": [
        {
          "Lifetime": "Scoped",
          "ImplementationSource": "Type",
          "ServiceType": "JLib.DataProvider.Tests.AddDataProvider.AddDataProviderTests.TestDataProviderR<T>",
          "ServiceArguments": [
            "JLib.DataProvider.Tests.AddDataProvider.AddDataProviderTests.TestCommandEntity"
          ],
          "ImplementationType": "JLib.DataProvider.Tests.AddDataProvider.AddDataProviderTests.TestDataProviderR<T>",
          "ImplementationTypeArguments": [
            "JLib.DataProvider.Tests.AddDataProvider.AddDataProviderTests.TestCommandEntity"
          ]
        }
      ]
    },
    "non-generic": {
      "JLib.Reflection.ITypeCache": [
        {
          "Lifetime": "Singleton",
          "ImplementationSource": "Instance",
          "ServiceType": "JLib.Reflection.ITypeCache",
          "ServiceArguments": [],
          "ImplementationType": "JLib.Reflection.TypeCache",
          "ImplementationTypeArguments": []
        }
      ]
    }
  }
}
